/^interno9design\.com$/i
/^.*\.quicksrv\.de$/i
/^planbproyecto\.com$/i
/^.*\.hotelnetsolutions\.com$/i
/^send-prom-out-profit\.ru$/i
/^.*\.identibitsuisse\.ch$/i
/^.*\.mochahost\.com$/i
/^.*\.cloudns9\.com$/i
/^neodast\.ru$/i
/^.*\.hurryupandbuynow\.com$/i
/^seitokuso\.jp$/i
/^vashup\.ru$/i
/^.*\.startdedicated\.net$/i
/^.*\.dream\.press$/i
/^.*\.hurryupandbuynow\.com$/i
/^.*\.premium-hostingserver\.net$/i
/^.*\.mjhst\.com$/i
/^.*\.nh-serv\.co\.uk$/i
/^.*\.interdata\.vn$/i
/^.*\.digitalhostingpremium\.com$/i
/^00ip\.ru$/i
/^.*\.sitelutions\.com$/i
/^.*\.teamblue-ops\.net$/i
/^.*\.manitu\.net$/i
/^.*\.badajoz\.biz$/i
/^promout-seller-profit\.ru$/i
/^1000pack\.ru$/i
/^gomdesign\.co\.kr$/i
/^.*\.skyhost\.pk$/i
/^profit-send-seller\.ru$/i
/^.*\.boostifymax\.com$/i
/^.*\.positive-dedicated\.net$/i
/^.*\.contaboserver\.net$/i
/^.*\.idc-internet\.com$/i
/^.*\.evirtualservices\.co$/i
/^.*\.unassigned\.ntelos\.net$/i
/^.*\.bss-2023-2\.ru$/i
/^.*\.ribashotelsgroup\.ua$/i
/^flatfeesavings\.com$/i
/^.*\.netcup\.net$/i
/^.*\.retail\.telecomitalia\.it$/i
/^send-profit-promout\.ru$/i
/^profit-progon\.ru$/i
/^pandaprodject\.ru$/i
/^ka-dialog\.online$/i
/^.*\.poneytelecom\.eu$/i
/^sinenomine\.net\.au$/i
/^.*\.domainssaubillig\.de$/i
/^promout-seller-send\.ru$/i
/^profit-promout-seller\.ru$/i
/^promout-profit-send\.ru$/i
/^send-promout-profit\.ru$/i
/^.*\.hrd-school-client5\.ru$/i
/^.*\.compute\.amazonaws\.com$/i
/^.*\.ipax\.at$/i
/^.*\.cloudezapp\.io$/i
/^.*\.ispgateway\.de$/i
/^.*\.ielamede\.ru$/i
/^.*\.slobodnadomena\.hr$/i
/^angrid\.ru$/i
/^.*\.aureusto\.ru$/i
/^s4consulting\.ru$/i
/^innopolis\.university$/i
/^.*\.domainserver\.ne\.jp$/i
/^studio-norma\.ru$/i
/^.*\.drewos\.ru$/i
/^atvperm\.ru$/i
/^.*\.adrendesk\.ru$/i
/^.*\.acsmobile\.ru$/i
/^.*\.perperovsk\.ru$/i
/^.*\.551\.com\.tw$/i
/^sofcon\.de$/i
/^mariamandaryna\.com$/i
/^.*\.dedicated\.hosteurope\.de$/i
/^.*\.ararangua\.ufsc\.br$/i
/^.*\.hostwindsdns\.com$/i
/^.*\.mysecurecloudhost\.com$/i
/^.*\.number1sign\.com$/i
/^.*\.digilink\.com\.br$/i
/^.*\.ecas\.cl$/i
/^.*\.progmatticai\.us$/i
/^zakonovsending\.ru$/i
/^.*\.drebcos\.ru$/i
/^.*\.adsamson\.ru$/i
/^mayslem\.ru$/i
/^.*\.mayslem\.ru$/i
/^gladworksinprogress\.com$/i
/^mapstory\.ru$/i
/^nasyr\.ru$/i
/^finanspost\.ru$/i
/^alt-credit\.ru$/i
/^.*\.alt-credit\.ru$/i
/^promout-seller\.ru$/i
/^send-promout-seller\.ru$/i
/^prom-out-progon-send\.ru$/i
/^send-seller-profit\.ru$/i
/^.*\.imprintmaker\.com$/i
/^.*\.xserver\.jp$/i
/^.*\.tmddedicated\.eu$/i
/^.*\.okeeda\.com$/i
/^.*\.rootnet\.nl$/i
/^finbrokerpro25\.ru$/i
/^rebooster24\.ru$/i
/^consultantbg\.ru$/i
/^.*\.icpnet\.pl$/i
/^seller-progon\.ru$/i
/^gt-drive\.ru$/i
/^ecosaporvontorg\.ru$/i
/^akmas\.ru$/i
/^seller-send-profit\.ru$/i
/^.*\.glavbukh-client\.ru$/i
/^.*\.gba-news\.ru$/i
/^.*\.sft\.com\.ng$/i
/^subscribeok\.ru$/i
/^lopoderkalont\.ru$/i
/^perepetuhopst\.ru$/i
/^vendosoft\.ru$/i
/^mailsendpro\.ru$/i
/^conf-msk\.ru$/i
/^.*\.actiongroup\.ru$/i
/^orangelightspot\.ru$/i
/^1c-rating\.kz$/i
/^waineal\.ru$/i
/^.*\.buhsoft-client-2023\.ru$/i
/^altaphoto\.ru$/i
/^optui\.ru$/i
/^.*\.armada-tint\.ru$/i
/^armada-tint\.ru$/i
/^.*\.res\.aeneas\.net$/i
/^master-nalog\.ru$/i
/^proprofitclub\.ru$/i
/^proprofitexpert\.ru$/i
/^ecomcrew\.ru$/i
/^.*\.vert\.media$/i
/^rosbiznes-credit\.ru$/i
/^cubemail\.online$/i
/^myprofit159\.ru$/i
/^mixtos\.ru$/i
/^plaschool\.ru$/i
/^sibex\.ru$/i
/^.*\.bss-client-2023\.ru$/i
/^.*\.glavbukh\.ru$/i
/^glavbukh\.ru$/i
/^gvozd\.info$/i
/^fin-pro24-7\.ru$/i
/^promous96\.ru$/i
/^.*\.atlascapital\.company$/i
/^distt\.ru$/i
/^.*\.ip\.bss\.si$/i
/^promoutmaster\.ru$/i
/^sellingpromout\.ru$/i
/^sbis\.ru$/i
/^.*\.unp-event2-24\.ru$/i
/^bosfera\.ru$/i
/^ruseminar\.ru$/i
/^aporolo\.ru$/i
/^.*\.aporolo\.ru$/i
/^first-broker\.ru$/i
/^eridkis\.ru$/i
/^.*\.sui-inter\.net$/i
/^flercom\.ru$/i
/^.*\.flercom\.ru$/i
/^dudcomly\.com$/i
/^tdelkab\.ru$/i
/^telderi\.com$/i 
/^mail-cbr\.ru$/i
/^smartgopro\.info$/i 
/^fin-garant-plus\.ru$/i
/^.*\.foobar\.one$/i
/^reglament\.net$/i
/^dellenan\.ru$/i
/^bg-kapital\.ru$/i
/^bankgarant-24\.ru$/i
/^bestbroker24-7\.ru$/i
/^.*\.dreamhostps\.com$/i
/^.*\.vps\.51north\.nl$/i
/^.*\.inmotionhosting\.com$/i
/^maddoxa\.ru$/i
/^ne\.institute$/i
/^ads-soft\.ru$/i
/^razdolie\.ru$/i
/^.*\.top-sem\.ru$/i
/^topedtechs\.kz$/i
/^smartranking\.ru$/i
/^slivinaangelina\.ru$/i
/^fnk-umc\.ru$/i
/^.*\.upr1\.ru$/i
/^dvconsulting\.ru$/i
/^rtruba\.ru$/i
/^.*\.vodafone\.cz$/i
/^moscow-export\.ru$/i
/^dcatering\.ru$/i
/^freelanceresearch\.ru$/i
/^mialaudit\.ru$/i
/^center-champion\.ru$/i
/^yreu\.ru$/i
/^.*\.profschoolsm\.ru$/i
/^.*\.profjournalmp\.ru$/i
/^dickilent\.ru$/i
/^skbkontur\.ru$/i
/^ruzakupki\.ru$/i
/^finam-broker\.ru$/i
/^iwantbrow\.com$/i
/^vbanke24-7\.ru$/i
/^.*\.deluxehosting\.com$/i
/^.*\.ctinets\.com$/i
/^.*\.maxxsouthbb\.net$/i
/^.*\.linodeusercontent\.com$/i
/^unp-event2-24\.ru$/i
/^.*\.vps\.ovh\.us$/i
/^4innovations\.ru$/i
/^.*\.telecom\.sk$/i
/^union-bg\.ru$/i
/^glavbukh-jur\.ru$/i
/^.*\.glavbukh-jur\.ru$/i
/^distall\.de$/i
/^fkdconsult\.ru$/i
/^obedinenie-ms\.online$/i
/^smuson\.ru$/i
/^senazak\.ru$/i
/^.*\.\dproflit\.ru$/i
/^it-melon\.com$/i
/^bank-ingo\.ru$/i
/^delineli\.ru$/i
/^hi-digital\.ru$/i
/^fideles\.ru$/i
/^dombiznesrus\.ru$/i
/^.*\.unp-demo2-24\.ru$/i
/^inatsua\.ru$/i
/^xserver\.jp$/i
/^ros-brocker\.ru$/i
/^.*\.googleusercontent\.com$/i
/^mailer-pro\.ru$/i
/^poiup\.ru$/i
/^sinpartner-bg\.ru$/i
/^ano-umc\.ru$/i
/^bg-agency24\.ru$/i
/^.*\.srvc\.fr$/i
/^fin-partners23\.ru$/i
/^.*\.glavbukh-pk1.\ru$/i
/^fts-pro\.com$/i
/^loporest\.ru$/i
/^bg-master\.ru$/i
/^wqwdd\.ru$/i 
/^esnvkeh\.ru$/i
/^adilans\.ru$/i
/^promosveris\.store$/i
/^hdhdsj\.ru$/i
/^.*\.ap\.gmobb-fix\.jp$/i
/^.*\.cox\.net$/i
/^.*\.upr-2023-2\.ru$/i 
/^srbooster\.app$/i
/^carleena\.ru$/i
/^imagemedia\.pro$/i
/^rugoszakaz\.ru$/i
/^maxfin24\.ru$/i
/^trustpost\.ru$/i
/^geotar\.ru$/i
/^rarixda\.ru$/i
/^ucillewi\.ru$/i
/^bg-center\.ru$/i
/^rnk1\.ru$/i
/^.*\.rnk1\.ru$/i
/^finkont\.ru$/i
/^fnk-auditor\.ru$/i
/^vshouz\.ru$/i
/^genericgem\.com$/i
/^academyit\.ru$/i
/^listik-uc\.ru$/i
/^haddiso\.ru$/i
/^mailgenie\.ru$/i
/^rasabags\.ru$/i
/^rinaeve\.ru$/i
/^magazinsaporvonforum\.ru$/i
/^interconaudit\.ru$/i
/^loppolkopwer\.ru$/i
/^.*\.optonline\.net$/i
/^gos-contrakt23\.ru$/i
/^p-professional\.ru$/i
/^unisender\.com$/i
/^adisol\.ru$/i
/^finlab-bg\.ru$/i
/^norenara\.ru$/i
/^simarinc\.ru$/i
/^.*\.kdelo-school-client.*\.ru$/i
/^maranetis\.ru$/i
/^luisabi\.ru$/i
/^vieresti\.ru$/i
/^.*\.mynet\.it$/i
/^ecosaporvontrade\.ru$/i
/^prosaporvoncentr\.ru$/i
/^fasnor\.ru$/i
/^supersaporvonmarket\.ru$/i
/^vsesaporvononline\.ru$/i
/^f-service365\.ru$/i
/^ozomin\.ru$/i
/^ladamas\.ru$/i
/^i-mails\.ru$/i
/^.*\.vps\.ovh\.net$/i
/^fincubator\.ru$/i
/^alarime\.ru$/i
/^innoagency\.ru$/i
/^officialbg\.ru$/i
/^cafeogurci\.ru$/i
/^koderline\.ru$/i
/^vudex\.ru$/i
/^asapmail\.ru$/i
/^rdsummit\.ru$/i
/^idmfo\.ru$/i
/^angira\.ru$/i
/^rosmedobr\.ru$/i
/^aldaram\.ru$/i
/^.*\.wanadoo\.fr$/i
/^.*\.spectrum\.com$/i
/^fin-garanty\.ru$/i
/^seminar\.org\.ru$/i
/^academy-everest\.online$/i
/^ads-soft\.su$/i
/^xbrl\.ru$/i
/^iir\.org\.ru$/i
/^doubleday\.ru$/i
/^wilfreda\.ru$/i
/^xostdom\.ru$/i
/^belkamail\.ru$/i
/^masamm\.ru$/i
/^lecembe\.ru$/i
/^minessid\.ru$/i
/^bendare\.ru$/i
/^braeanik\.ru$/i
/^brokerfinance23\.ru$/i
/^eviannari\.ru$/i
/^getccna\.ru$/i
/^waniall\.ru$/i
/^relandek\.ru$/i
/^lanit\.ru$/i
/^finans24-7\.ru$/i
/^1proflit\.ru$/i
/^.*\.1proflit\.ru$/i
/^zzsklon\.com$/i
/^sud-urist\.ru$/i
/^fingarantservis24-7\.ru$/i
/^official-bg\.ru$/i
/^centrebg\.ru$/i
/^sberglav\.ru$/i
/^energi-audit\.ru$/i
/^yookoon\.cn$/i
/^redlab\.dev$/i
/^.*\.dtctrademarketing\.com$/i
/^profitcon\.org$/i
/^.*\.glavbukh-sch-.*\.ru$/i
/^.*\.hr-director-client.*\.ru$/i
/^.*\.kdelo-client.*\.ru$/i
/^un-comm\.com$/i
/^thuiswinkel\.org$/i
/^getgarantee\.ru$/i
/^gik-finance\.ru$/i
/^.*\.snta\.ru$/i
/^tpnew\.ru$/i
/^lidergarant24\.ru$/i
/^.*\.upr-client-.*\.ru$/i
/^action-mcfr-t\.ru$/i
/^redkontur\.ru$/i
/^amaranthe\.ru$/i
/^dumtom\.com$/i
/^wernelott\.ru$/i
/^group-ksk\.ru$/i
/^goodfin112\.ru$/i
/^redconf\.ru$/i
/^1c\.kz$/i
/^real-listbg\.ru$/i
/^tender-rus77\.ru$/i
/^tookin\.or\.mg$/i
/^rcevents\.ru$/i
/^tradernet\.kz$/i
/^redconference\.ru$/i
/^.*\.rnk-client-.*\.ru$/i
/^.*\.businessru-gba-inbox\.ru$/i
/^bss-vip\.ru$/i
/^.*\.bss-vip\.ru$/i
/^crm365\.su$/i
/^molinos\.ru$/i
/^broker-atlant\.ru$/i
/^newasadlop\.ru$/i
/^posaklopasadler\.ru$/i
/^uba\.ru$/i
/^.*\.uba\.ru$/i
/^newsletter\.rbc\.ru$/i
/^braslet-service\.ru$/i
/^seminar\.ru$/i
/^amolingua\.com$/i
/^newsletter\.tilda\.cc$/i
/^finance-good\.ru$/i
/^.*\.glavbukh-client-jur\.ru$/i
/^trend-consult\.ru$/i
/^marcosto\.ru$/i
/^.*\.marcosto\.ru$/i
/^xonaever\.ru$/i
/^iira\.me$/i
/^action-digital-school\.ru$/i
/^.*\.action-digital-school\.ru$/i
/^mbm\.ru$/i
/^.*\.mbm\.ru$/i
/^exitconf\.ru$/i
/^proftest\.ru$/i
/^pinall\.ru$/i
/^.*\.zarplata-client-.*\.ru$/i
/^bss-client-.*\.ru$/i
/^.*\.bss-client-.*\.ru$/i
/^glavbukh-client-.*\.ru$/i
/^.*\.glavbukh-client-.*\.ru$/i
/^action-gosfinansy-.*\.ru$/i
/^.*\.action-gosfinansy-.*\.ru$/i
/^spravkadrovika-.*\.ru$/i
/^.*\.spravkadrovika-.*\.ru$/i
/^specstali-npksm\.ru$/i
/^corbina\.ru$/i
/^.*\.corbina\.ru$/i
/^almazburstroi\.ru$/i
/^bank-guarantee2\d\.ru$/i
/^petsonia\.ru$/i
/^kr-remont\.ru$/i
/^webinar\.ru$/i
/^action-it-school-email\.ru$/i
/^.*\.action-it-school-email\.ru$/i
/^mycons\.ru$/i
/^gerengo\.ru$/i
/^.*\.gerengo\.ru$/i
/^fedleasing\.ru$/i
/^hotter\.ru$/i
/^anis-food\.ru$/i
/^relaywebm\.com$/i
/^wallstreetenglish\.ru$/i
/^int-eng\.ru$/i
/^fbass\.ru$/i
/^installes\.de$/i
/^fancybot\.ru$/i
/^haluteam\.tokyo$/i
/^www230\.conoha\.ne\.jp$/i
/^orc\.ru$/i
/^rabbitandjohn\.com$/i
/^000net\.ru$/i
/^perts\.ru$/i
/^ts-top\.com$/i
/^lux-seo\.ru$/i
/^opito\.ru$/i
/^nuznapomosh\.ru$/i
/^sonturk\.tv$/i
/^mokod\.ru$/i
/^amarest\.ru$/i
/^spinelife24\.com$/i
/^7908ink\.ru$/i
/^ntj\.ir$/i
/^.*\.beehiiv\.com$/i
/^beehiiv\.com$/i
/^blackmagic-design\.com$/i
/^biglinksgroup\.com$/i
/^growthshop\.info$/i
/^ptfav\.org$/i
/^marketingman3\.com$/i
/^kigov\.ru$/i
/^elodi\.ru$/i
/^zooxo\.ru$/i
/^magazzz\.pw$/i
/^bymachina\.ru$/i
/^tag\.net\.ru$/i
/^marketingman6\.com$/i
/^otus\.ru$/i
/^capmatic\.com$/i
/^rutun\.ru$/i
/^taew5\.ru$/i
/^investkwa\.com$/i
/^.*\.investkwa\.com$/i
/^bonzar\.ru$/i
/^bimolz\.ru$/i
/^okt2522\.space$/i
/^gostall\.gen\.tr$/i
/^petrowaha\.com$/i
/^turkiyesigorta\.com\.tr$/i
/^.*\.turkiyesigorta\.com\.tr$/i
/^codestar\.info$/i
/^mediabildlink\.com$/i
/^.*\.knizhkipolishki\.ru$/i
/^.*\.drugvdrug\.ru$/i
/^rosmedlib\.ru$/i
/^hochu-shpagat\.ru$/i
/^1xpartner\.com$/i
/^vistermas\.armenia\.su$/i
/^pswinfo\.ru$/i
/^tabor\.ru$/i
/^b-friday\.com$/i
/^orgname\.com$/i
/^otherapale\.eu$/i
/^otherawhite\.eu$/i
/^mojim\.com$/i
/^zeon73\.com$/i
/^bookmania\.eu$/i
/^fasdi\.ru$/i
/^fopar\.ru$/i
/^kacep\.ru$/i
/^ferui\.ru$/i
/^aggregaat\.eu$/i
/^jookise\.eu$/i
/^manifesr\.eu$/i
/^ferip\.ru$/i
/^baxip\.ru$/i
/^zhenakind\.info$/i
/^jasek\.ru$/i
/^likecoment\.e-vds\.ru$/i
/^grafolog\.ru$/i
/^spamobox\.com$/i
/^caravanasia\.ru$/i
/^mascheroni-spb\.ru$/i
/^giorgioferretti\.ru$/i
/^carfromskay\.ru$/i
/^fuse\.net$/i
/^arttoday\.club$/i
/^fwnvgp1\.ru$/i
/^china-time\.ru$/i
/^the-moneytizer\.com$/i
/^osvb\.ru$/i
/^moonblushe\.eu$/i
/^garant-web\.ru$/i
/^sevikm\.ru$/i
/^sxplobizpak\.ru$/i
/^telmsjenwin\.ru$/i
/^flarent\.ru$/i
/^jurnal-dlya-vas2018\.ru$/i
/^fuchsia-os\.ru$/i
/^chukcha\.biz$/i
/^biz-catalog\.com$/i
/^netvision\.net\.il$/i
/^prodvigenie-saitov\.site$/i
/^okt2522\.pw$/i
/^seoteamlink\.com$/i
/^.*\.lenug\.su$/i
/^xpstsrostum\.ru$/i
/^bgdplmaglan\.ru$/i
/^marsseol\.ru$/i
/^pklswpactor\.ru$/i
/^jmxsaseozom\.ru$/i
/^vlpswlsinor\.ru$/i
/^gasxstatumm\.ru$/i
/^gek-1\.ru$/i
/^31ros-gov\.ru$/i
/^edu-cours\.ru$/i
/^48ros-pr\.ru$/i
/^consulttrade2018\.ru$/i
/^irk-consultcenter\.ru$/i
/^irk-centerobr\.ru$/i
/^31sem-prof\.ru$/i
/^48sem-glav\.ru$/i
/^49russ-gov\.ru$/i
/^jufe1\.ru$/i
/^seminar47post\.ru$/i
/^.*\.bitte20\.in\.ua$/i
/^48msk-gov\.ru$/i
/^vectorbusiness\.ru$/i
/^kurs-seminarov\.ru$/i
/^juniorpro\.ru$/i
/^intersport\.biz\.ua$/i
/^flowers-kazan\.ru$/i
/^videoazino\.ru$/i
/^.*\.banganet\.com$/i
/^orbitastar\.ru$/i
/^domvistra\.ru$/i
/^drken\.us$/i
/^49ros-pr\.ru$/i
/^at-1\.website$/i
/^buh-s1\.xyz$/i
/^uslugifirm\.ru$/i
/^ccsd4\.ru$/i
/^lrsm1\.ru$/i
/^48msk-glav\.ru$/i
/^afn\.org$/i
/^mein-gmail\.ru$/i
/^assamail\.ru$/i
/^ventimail\.ru$/i
/^neva-park\.ru$/i
/^sylvia-bum\.ga$/i
/^.*\.smbn\.ru$/i
/^thousandth-coffey\.ga$/i
/^truman-manhole\.cf$/i
/^decapod-signpost\.tk$/i
/^stupor-nehru\.ga$/i
/^uranium-anne\.gq$/i
/^chalcedony-dawn\.cf$/i
/^marwel\.ee$/i
/^afn\.org$/i
/^frl8\.ru$/i
/^institute-centr\.ru$/i
/^brigada\.nl$/i
/^kandes\.ru$/i
/^2dg\.si$/i
/^venomous-rex\.tk$/i
/^grebeshek\.ru$/i
/^sagem\.si$/i
/^k-kr4\.ru$/i
/^k-ea3\.ru$/i
/^nevievs\.cf$/i
/^tournament\.si$/i
/^avigspb\.ru$/i
/^svegienews\.cf$/i
/^logice\.fr$/i
/^topcoat-episode\.ga$/i
/^karastusjoogid\.ee$/i
/^upton-brazier\.ml$/i
/^ploy-bipolar\.cf$/i
/^49sem-pr\.ru$/i
/^lie-sigh\.ml$/i
/^dugout-singapore\.ga$/i
/^.*\.hinet\.net$/i
/^eat-doze\.gq$/i
/^hydromousse\.ga$/i
/^beermarket\.ru$/i
/^48inst-prof\.ru$/i
/^sprutnet-gsm\.ru$/i
/^crossfire\.be$/i
/^uute\.fi$/i
/^games\.no$/i
/^decly\.ru$/i
/^eyelash-germanium\.tk$/i
/^codicil-swordtail\.cf$/i
/^cyanate-fidelity\.ml$/i
/^troglodyte-kampuchea\.tk$/i
/^massachusetts-tanaka\.gq$/i
/^.*\.cgocable\.ca$/i
/^caption-villain\.ga$/i
/^pomp-salina\.cf$/i
/^sung-coplanar\.cf$/i
/^archbishop-alexandria\.cf$/i
/^net-c\.com$/i
/^testcom2\.tk$/i
/^isinglass-bathrobe\.cf$/i
/^privacy-merrill\.tk$/i
/^wingman-corolla\.cf$/i
/^moscityzoom1\.ru$/i
/^pequepsp\.es$/i
/^acquittal-centroid\.tk$/i
/^lsi\.ru$/i
/^sensitive-karl\.tk$/i
/^proposal-latinate\.ga$/i
/^armonk-transmitting\.cf$/i
/^gangplank-discriminable\.tk$/i
/^everyday2\.tk$/i
/^jump-adenine\.gq$/i
/^domestic-mold\.gq$/i
/^gr6pc7\.ru$/i
/^sandra-abrogate\.ga$/i
/^guidance-hydrocyanic\.cf$/i
/^mailkurs\.ru$/i
/^mailprodvig\.ru$/i
/^guess-clutch\.ml$/i
/^glitter-milton\.gq$/i
/^epdesign\.ru$/i
/^timberl\.art$/i
/^sapo\.pt$/i
/^48russ-now\.ru$/i
/^49russ-glav\.ru$/i
/^rosros-seminar\.ru$/i
/^seminar47msk\.ru$/i
/^popoff-tour\.ru$/i
/^m-stream\.agency$/i
/^chinadoctor\.ru$/i
/^ngi\.it$/i
/^48sem-now\.ru$/i
/^31msk-gov\.ru$/i
/^17msk-seminar\.ru$/i
/^48inst-now\.ru$/i
/^49mos-glav\.ru$/i
/^seminar47mail\.ru$/i
/^49msk-now\.ru$/i
/^jorstudy\.ru$/i
/^2biznes-partner\.ru$/i
/^myredirert\.ru$/i
/^vip\.sina\.com$/i
/^castlemedia\.ru$/i
/^prod-dv\.ru$/i
/^medpoint24\.ru$/i
/^poowermta\.ru$/i
/^web-alt-dv\.ru$/i
/^49russ-prof\.ru$/i
/^institut-mos\.ru$/i
/^49msk-pr\.ru$/i
/^32msk-prof\.ru$/i
/^31mos-prof\.ru$/i
/^boilerroomrus\.ru$/i
/^31inst-now\.ru$/i
/^48russ-prof\.ru$/i
/^seminar-kursy\.ru$/i
/^kopew\.ru$/i
/^49mos-gov\.ru$/i
/^lecciiinvite\.ru$/i
/^pop3\.ru$/i
/^z2gawlyc458p\.ru$/i
/^asete\.ru$/i
/^hostreviews\.ru$/i
/^31inst-pr\.ru$/i
/^opct4k\.ru$/i
/^jftt0d\.ru$/i
/^49inst-glav\.ru$/i
/^kogamen\.eu$/i
/^glubinas\.art$/i
/^kmte6\.ru$/i
/^tes\.strace\.com$/i
/^slavdom\.biz$/i
/^sushiwokmaestro\.ru$/i
/^pmholding\.ru$/i
/^oxigery\.art$/i
/^best-price-solutions\.ru$/i
/^powei\.ru$/i
/^otydi\.ru$/i
/^alplas\.ru$/i
/^infoseminari\.ru$/i
/^bestprice\.space$/i
/^akrs-design\.ru$/i
/^u-obuch\.ru$/i
/^lifeofgame\.ru$/i
/^directadx\.com$/i
/^mkhm5\.ru$/i
/^superiori\.com$/i
/^wersside\.ru$/i
/^holisten\.art$/i
/^kkdl7\.ru$/i
/^48russ-gov\.ru$/i
/^letnev\.ru$/i
/^sepanta\.net$/i
/^oedipus-shelton\.cf$/i
/^il7pro\.ru$/i
/^animat2865\.ru$/i
/^facade-erato\.cf$/i
/^elfin-goodbye\.tk$/i
/^emporio-armani-time\.ru$/i
/^loge-thoughtful\.ml$/i
/^g13advertising\.com$/i
/^bunny-keychain\.ru$/i
/^pcpoint\.cz$/i
/^31msk-pr\.ru$/i
/^zipers\.art$/i
/^pored\.ru$/i
/^digitalin\.eu$/i
/^poaui\.ru$/i
/^sixtymin\.art$/i
/^exchangesr\.eu$/i
/^uiopy\.ru$/i
/^hayuz\.ru$/i
/^ripoz\.ru$/i
/^mediadefence\.ru$/i
/^porno\.si$/i
/^pizzalucky\.ru$/i
/^rukman\.ru$/i
/^blogosporte\.ru$/i
/^k-rieltoru\.ru$/i
/^sibniie\.ru$/i
/^zunc\.ru$/i
/^gesticulate-confederate\.ml$/i
/^thaivinyl\.com$/i
/^sosoplast\.ru$/i
/^buytraffazmoney\.ru$/i
/^midlemail\.ru$/i
/^karol-denude\.tk$/i
/^cesha\.ru$/i
/^prelude-metier\.tk$/i
/^zl-bx\.com$/i
/^czerniak-whence\.tk$/i
/^chastnoe-porno-foto\.ru$/i
/^wyatt-tupelo\.cf$/i
/^ga-montgomery\.tk$/i
/^edmund-roundoff\.tk$/i
/^edgerton-dignitary\.tk$/i
/^emulsion-ace\.tk$/i
/^cryweb\.ru$/i
/^traffic-triton\.tk$/i
/^walpole-actual\.tk$/i
/^live-mail\.ru$/i
/^bankruptcy-minsky\.ml$/i
/^exudate-kapok\.tk$/i
/^scandal-pertain\.cf$/i
/^hatym\.ru$/i
/^14ros-glav\.ru$/i
/^narodny\.eu$/i
/^tubosmaravilha\.com\.br$/i
/^council-form\.gq$/i
/^thrush-servicemen\.tk$/i
/^poe-groundskeep\.tk$/i
/^admiration-handicapper\.ga$/i
/^opire\.ru$/i
/^rentautos\.eu$/i
/^32inst-pr\.ru$/i
/^naplesrp\.ru$/i
/^stroke-mercer\.ga$/i
/^mail232\.ru$/i
/^serversgroupmail\.ru$/i
/^dilfinarym\.eu$/i
/^qq\.com$/i
/^skvortsovo\.com\.ua$/i
/^alftrade\.com$/i
/^moymail\.ru$/i
/^sobecash\.com$/i
/^smitten-apposite\.cf$/i
/^boil-oxeye\.ml$/i
/^arkasen\.eu$/i
/^email2email\.tk$/i
/^vendorstmail\.ru$/i
/^49sem-prof\.ru$/i
/^congolese-sharecropper\.tk$/i
/^mailfrog2\.ru$/i
/^horseflesh-inchworm\.tk$/i
/^autosalemn\.eu$/i
/^bolgarian\.eu$/i
/^moolinger\.eu$/i
/^ecommerces\.eu$/i
/^gottis\.eu$/i
/^alliedaidc\.com$/i
/^snzkosmos\.ru$/i
/^kursy-v-mos\.ru$/i
/^anoiemsr\.ru$/i
/^ed25\.ru$/i
/^32sem-glav\.ru$/i
/^marshostmail\.ru$/i
/^faseoren\.com$/i
/^criticascpa\.com$/i
/^plan-seminarov\.ru$/i
/^opate\.ru$/i
/^severe-lounge\.gq$/i
/^hi-link\.ru$/i
/^spectacular-suspicious\.ga$/i
/^serversthostmail\.ru$/i
/^mail-hostalix\.ru$/i
/^bolinse\.eu$/i
/^llcl4\.ru$/i
/^faecfebaeecddbcd\.ru$/i
/^mail333\.com$/i
/^bcadcafdbbeecaad\.ru$/i
/^comilfo\.ru$/i
/^miby2\.ru$/i
/^servise\.cf$/i
/^borsa\.ee$/i
/^fromru\.com$/i
/^31sem-pr\.ru$/i
/^connect-inimical\.ga$/i
/^infofzn\.info$/i
/^pismo-pochta\.ru$/i
/^murlim\.ru$/i
/^frederikem\.eu$/i
/^inpresident\.su$/i
/^grouder\.com$/i
/^sunivisionip\.com$/i
/^ab-market\.ru$/i
/^kittyx-mail\.ru$/i
/^mibw1\.ru$/i
/^bluetone\.cz$/i
/^sacral-airmass\.tk$/i
/^48ros-prof\.ru$/i
/^caafacdecbcbfde\.ru$/i
/^transmit-terrify\.tk$/i
/^molx\.ru$/i
/^nauop\.ru$/i
/^talac\.ru$/i
/^eurcoffee\.ru$/i
/^cfcbffffabff\.ru$/i
/^potenza\.ru$/i
/^beryga\.ru$/i
/^linkorthopaedics\.ru$/i
/^opticumail\.ru$/i
/^shophostel\.eu$/i
/^wistorym\.eu$/i
/^asety\.ru$/i
/^stebi\.ru$/i
/^ourcountry\.su$/i
/^peropgoa\.ru$/i
/^otlovklientov\.su$/i
/^newmail\.ru$/i
/^mail-getcha\.ru$/i
/^gmxmbafin\.ru$/i
/^seocheck\.su$/i
/^bannerbatteries\.ru$/i
/^49inst-pr\.ru$/i
/^almatex\.ru$/i
/^49inst-gov\.ru$/i
/^firebox\.su$/i
/^tuopi\.ru$/i
/^comics-market\.com$/i
/^wranglermail\.ru$/i
/^oiput\.ru$/i
/^uaops\.ru$/i
/^resheniye-problems\.ru$/i
/^may80mail\.ru$/i
/^oprimail\.ru$/i
/^koalmail\.ru$/i
/^chendermail\.ru$/i
/^aldoshina-design\.ru$/i
/^virusovnet24\.ru$/i
/^dertp\.ru$/i
/^konto-design\.ru$/i
/^autoshinidiski\.ru$/i
/^nobel-tmn\.ru$/i
/^scoremail\.ru$/i
/^logyw\.ru$/i
/^haynewsblog\.ru$/i
/^arstel-climate\.ru$/i
/^14msk-now\.ru$/i
/^48mos-glav\.ru$/i
/^lectsiikonfer\.ru$/i
/^aestheticdermal\.ru$/i
/^majorserver\.gq$/i
/^seminar-for-you\.ru$/i
/^31russ-prof\.ru$/i
/^fxcstarpromo\.ru$/i
/^new4mail\.ru$/i
/^avto-kay\.ru$/i
/^medlu\.ru$/i
/^scribonian-mail\.ru$/i
/^add2board\.ru$/i
/^spravedlivotver\.ru$/i
/^severing\.cf$/i
/^gosprof-diplom\.ru$/i
/^raupo\.ru$/i
/^47msk-rass\.ru$/i
/^39inst-glav\.ru$/i
/^48mos-pr\.ru$/i
/^ros-mos-obuch\.ru$/i
/^32russ-now\.ru$/i
/^inform-sem\.ru$/i
/^russianartawards\.ru$/i
/^xib\.ru$/i
/^39sem-now\.ru$/i
/^32msk-gov\.ru$/i
/^ecpamfood\.ru$/i
/^bnswxicegr\.ru$/i
/^dbpgsystem\.ru$/i
/^ojxbsrolsen\.ru$/i
/^masxlsano\.ru$/i
/^lookinmail\.ru$/i
/^xcswfoltri\.ru$/i
/^lpxskomcity\.ru$/i
/^kplsxwyista\.ru$/i
/^aladwanigroup\.net$/i
/^boramail\.ru$/i
/^loki-mail\.ru$/i
/^asiarost\.com$/i
/^baocy\.ru$/i
/^pocjta\.ru$/i
/^pocgta\.ru$/i
/^49russ-now\.ru$/i
/^53sem-gov\.ru$/i
/^48russ-glav\.ru$/i
/^tiberiigmail\.ru$/i
/^odin-mail\.ru$/i
/^kadri-obuchenie\.ru$/i
/^complectacia-str\.ru$/i
/^48sem-prof\.ru$/i
/^stolichny-seminar\.ru$/i
/^lukiakciya\.gq$/i
/^53msk-glav\.ru$/i
/^49ros-gov\.ru$/i
/^48msk-prof\.ru$/i
/^48msk-pr\.ru$/i
/^tor-gmail\.ru$/i
/^rlavdiy-mail\.ru$/i
/^tophostel\.eu$/i
/^rent-haus\.eu$/i
/^u-seminar\.ru$/i
/^dgalloobr\.ru$/i
/^livmed\.ru$/i
/^busface\.ru$/i
/^49mos-pr\.ru$/i
/^ldlk5\.ru$/i
/^nebraska-project\.ru$/i
/^49inst-now\.ru$/i
/^eaptekaplus\.ru$/i
/^buddyemail\.ml$/i
/^dommajor\.cf$/i
/^spravkamedspb\.ru$/i
/^devol1664\.ru$/i
/^avtobotrus\.ru$/i
/^61glass\.ru$/i
/^gandapas-kurs\.ru$/i
/^lchtugeza\.ru$/i
/^artifactgg\.ru$/i
/^paralap\.ru$/i
/^radiohype\.ru$/i
/^etno-city\.kiev\.ua$/i
/^bfbbebabba\.ru$/i
/^firstcafe\.ru$/i
/^mimi-smart\.ru$/i
/^foc-ug\.ru$/i
/^stl-tender\.ru$/i
/^eurosoffitti\.ru$/i
/^scribonianmail\.ru$/i
/^toptotrip\.ru$/i
/^n-shakhtinsk\.ru$/i
/^klement-mail\.ru$/i
/^48ros-now\.ru$/i
/^indochineparktower\.com\.vn$/i
/^silent\.com\.sg$/i
/^monimail\.ru$/i
/^klementmail\.ru$/i
/^ventilmail\.ru$/i
/^shophermodgmail\.ru$/i
/^postpromail\.ru$/i
/^assagmail\.ru$/i
/^aedfabdccdfcff\.ru$/i
/^lostkinofilm\.ru$/i
/^newcosel\.biz\.ua$/i
/^form1\.ru$/i
/^rubipr\.ru$/i
/^decorsept\.ru$/i
/^dizage\.ru$/i
/^kraftaudio\.ru$/i
/^sunivisionstar\.net$/i
/^zurika\.ru$/i
/^49sem-glav\.ru$/i
/^mkee3\.ru$/i
/^bytreebuytraff\.ru$/i
/^shopassagmail\.ru$/i
/^buro-perevod\.ru$/i
/^primrub\.ru$/i
/^skavto\.ru$/i
/^efbecadbeabebda\.ru$/i
/^joancooper\.com$/i
/^sotkar\.ru$/i
/^rus-nuts\.ru$/i
/^apple-antigravity\.ru$/i
/^31mos-now\.ru$/i
/^myako\.ru$/i
/^rost50\.ru$/i
/^nice-soft\.ru$/i
/^afdbdfdcdf\.ru$/i
/^jargonmedya\.com$/i
/^florencewoods\.com$/i
/^opora23\.ru$/i
/^august-mail\.ru$/i
/^koseb\.ru$/i
/^chekingmail\.ru$/i
/^loki-gmail\.ru$/i
/^serverhostmail\.ru$/i
/^odingmail\.ru$/i
/^skyfamaly\.biz\.ua$/i
/^hauio\.ru$/i
/^kytef\.ru$/i
/^ribrab\.ru$/i
/^branddrivensocial\.com$/i
/^institut-ros\.ru$/i
/^cadmium-rp\.ru$/i
/^kingrus\.ru$/i
/^dpo-inst-mos\.ru$/i
/^fendermail\.ru$/i
/^lokimail\.ru$/i
/^hermod-gmail\.ru$/i
/^53sem-prof\.ru$/i
/^whomail\.ru$/i
/^tor-mail\.ru$/i
/^sarop\.ru$/i
/^febeebddfcfaeb\.ru$/i
/^abbymenser\.com$/i
/^thelocus\.ru$/i
/^asprias\.com$/i
/^53mos-prof\.ru$/i
/^yasei\.ru$/i
/^32sem-now\.ru$/i
/^invite-leccii-n56\.ru$/i
/^53msk-prof\.ru$/i
/^14msk-glav\.ru$/i
/^logoss15\.ru$/i
/^jcb-obninsk\.ru$/i
/^aqualuks24\.ru$/i
/^49russ-pr\.ru$/i
/^plans2013\.ru$/i
/^elektrounivers\.ru$/i
/^obechenie-kadrov\.ru$/i
/^easyauctions\.net$/i
/^asteyamail\.ru$/i
/^rizhe\.ru$/i
/^53russ-glav\.ru$/i
/^31russ-pr\.ru$/i
/^iemsr-obuch\.ru$/i
/^n32-best-dpo\.ru$/i
/^obuch-mos\.ru$/i
/^32ros-now\.ru$/i
/^53mos-now\.ru$/i
/^booksenpro9\.ru$/i
/^aaronellison\.net$/i
/^integromail\.ru$/i
/^48inst-glav\.ru$/i
/^misamala\.ru$/i
/^alfaotchet\.ru$/i
/^2kr8\.net$/i
/^institut-sem\.ru$/i
/^47sem-sem\.ru$/i
/^bitorade\.ru$/i
/^48mos-prof\.ru$/i
/^joannaleonard\.com$/i
/^578media\.net$/i
/^4hourchef\.net$/i
/^fayenorris\.com$/i
/^candicemanning\.com$/i
/^14mos-pr\.ru$/i
/^hforuniver\.ru$/i
/^batel-club\.ru$/i
/^39msk-prof\.ru$/i
/^clarification-law\.ru$/i
/^lemaropt\.ru$/i
/^14russ-glav\.ru$/i
/^stolicaproff\.ru$/i
/^53russ-prof\.ru$/i
/^53mos-pr\.ru$/i
/^scanpromo\.ru$/i
/^49msk-prof\.ru$/i
/^junecarroll\.com$/i
/^nazys\.ru$/i
/^doxod2017\.ru$/i
/^yoursnils\.ru$/i
/^bizonlines\.ru$/i
/^croudinvest\.ru$/i
/^deabbbcf\.ru$/i
/^kinobatya\.ru$/i
/^48ros-glav\.ru$/i
/^branomail\.ru$/i
/^buten\.ru$/i
/^botmail\.ru$/i
/^paxmedia\.xyz$/i
/^williehowell\.com$/i
/^hatyw\.ru$/i
/^mapaz\.ru$/i
/^zig-zagshop\.ru$/i
/^invest-croud\.ru$/i
/^32russ-gov\.ru$/i
/^your-snils\.ru$/i
/^torimail\.ru$/i
/^lorismail\.ru$/i
/^lexou\.ru$/i
/^hayzo\.ru$/i
/^lidmagnit5\.ru$/i
/^lidmagnit7\.ru$/i
/^v-mos-obuch\.ru$/i
/^ekooknaufa\.ru$/i
/^bbebeeadbceccbf\.ru$/i
/^14russ-now\.ru$/i
/^casgusar6\.ru$/i
/^abaadde\.ru$/i
/^boomstartse\.ru$/i
/^mos-obuchenie\.ru$/i
/^hocorp\.ru$/i
/^uristnedorogo\.ru$/i
/^eloisefrench\.com$/i
/^9oo9le\.ru$/i
/^7mgroup\.ru$/i
/^7filmov\.ru$/i
/^emanmail\.ru$/i
/^48mos-now\.ru$/i
/^cfcfeabbacfbef\.ru$/i
/^gayi\.ru$/i
/^3d-gif\.ru$/i
/^depesha\.org$/i
/^like-vizit\.ru$/i
/^deadline\.ru\.com$/i
/^print-finder\.ru$/i
/^italmasdoors\.ru$/i
/^podarkiperm\.ru$/i
/^rio-gmbh\.top$/i
/^wiggedoutinc\.com$/i
/^yestheydid\.com$/i
/^cabebadfabb\.ru$/i
/^thesteviaco\.com$/i
/^azcla\.com$/i
/^blinesoftwaretraining\.com$/i
/^wastelandsatvpark\.com$/i
/^ascenthearingedmonton\.com$/i
/^biloelabushcamp\.com$/i
/^fzntruegood\.info$/i
/^rremail\.club$/i
/^101hudsonstreet\.com$/i
/^permsale\.ru$/i
/^ascherdavisarchitects\.com$/i
/^paramedic-112\.ru$/i
/^theriverotter\.com$/i
/^tangerinrestore\.vservers\.es$/i
/^tobinfamilyfarms\.com$/i
/^msndr\.com$/i
/^theoaexperience\.com$/i
/^vktacticalgear\.com$/i
/^weddingplannerinsicily\.com$/i
/^vktact\.com$/i
/^intlips\.com$/i
/^tattoominus\.ru$/i
/^rabrez\.ru$/i
/^dpcentre\.ru$/i
/^evro-cons\.ru$/i
/^cadabacecefabea\.ru$/i
/^31msk-prof\.ru$/i
/^profflection-n32\.ru$/i
/^kvalifiktia\.ru$/i
/^31ros-pr\.ru$/i
/^spec-invite-lectsii\.ru$/i
/^sem-institut\.ru$/i
/^seminars-v-moskve\.ru$/i
/^53msk-gov\.ru$/i
/^institut-v-moskve\.ru$/i
/^14sem-pr\.ru$/i
/^14msk-prof\.ru$/i
/^lidmagnit3\.ru$/i
/^ecbbdbccfcf\.ru$/i
/^53ros-pr\.ru$/i
/^32russ-prof\.ru$/i
/^afeacfac\.ru$/i
/^freezclub\.cf$/i
/^crmtopmachine\.com$/i
/^49ros-glav\.ru$/i
/^31msk-glav\.ru$/i
/^53ros-now\.ru$/i
/^net-c\.be$/i
/^ros-mos-tren\.ru$/i
/^card-plastik\.ru$/i
/^sprr\.net$/i
/^net-c\.es$/i
/^bazoc\.ru$/i
/^fulqizlar\.ru$/i
/^yxantris\.ru$/i
/^iemsr-dpo-lectsii\.ru$/i
/^seminar47sem\.ru$/i
/^32mos-pr\.ru$/i
/^31russ-now\.ru$/i
/^ros-institut\.ru$/i
/^n32-proffeducat\.ru$/i
/^lectsii-konfer\.ru$/i
/^stolicainvite\.ru$/i
/^32ros-gov\.ru$/i
/^mos-russ\.ru$/i
/^mos-iemsr-lectsii\.ru$/i
/^47inst-rass\.ru$/i
/^dpo-kursy-mos\.ru$/i
/^conferseminar\.ru$/i
/^invitedpo\.ru$/i
/^seminar-v-mos\.ru$/i
/^advanced-trainings\.ru$/i
/^32sem-pr\.ru$/i
/^mnt\.si$/i
/^blogtop-vip\.ru$/i
/^electroniq\.ru$/i
/^48msk-now\.ru$/i
/^aquarossini\.ru$/i
/^woodnhouse\.ru$/i
/^gunter\.top$/i
/^seminarinstitut\.ru$/i
/^dpoinvite\.ru$/i
/^48mos-gov\.ru$/i
/^europamel\.net$/i
/^asiamel\.net$/i
/^americamel\.net$/i
/^ls-9\.bet$/i
/^psyhologsmmoskvina\.ru$/i
/^premium-vk\.ru$/i
/^russnils\.ru$/i
/^snils-found\.ru$/i
/^proverka-snils\.ru$/i
/^snegobrp3\.ru$/i
/^47russ-rass\.ru$/i
/^31sem-now\.ru$/i
/^riticus\.ru$/i
/^hontak\.ru$/i
/^led-moskow\.ru$/i
/^31inst-glav\.ru$/i
/^amarnathsuryadarshan\.com$/i
/^beckandscarlet\.com$/i
/^altacolinawinery\.com$/i
/^17mos-seminar\.ru$/i
/^abtgr\.ru$/i
/^benefist\.ru$/i
/^19fiftyseven\.com$/i
/^austingolf\.com$/i
/^mm-kirov\.ru$/i
/^48inst-pr\.ru$/i
/^cfabbeedbaced\.ru$/i
/^31russ-gov\.ru$/i
/^neryt\.ru$/i
/^proffstolica\.ru$/i
/^bestlectsii\.ru$/i
/^effect-vl\.ru$/i
/^32inst-gov\.ru$/i
/^14russ-pr\.ru$/i
/^trevorfoehl\.com$/i
/^travel-trailer-financing\.com$/i
/^aspdigital\.com$/i
/^425marketplace\.com$/i
/^bigdaddybootcamp\.com$/i
/^48russ-pr\.ru$/i
/^airalertt\.com$/i
/^aliasjetgirl\.com$/i
/^asiadronefestival\.com$/i
/^www-pansionat-tulskij-dedushka\.ru$/i
/^ieuso-n32-invite\.ru$/i
/^au-belight\.com$/i
/^it-deita\.ru$/i
/^14ros-prof\.ru$/i
/^victoriandressmakingsupplies\.com$/i
/^timdonovanjr\.com$/i
/^whalefree\.com$/i
/^wojup\.com$/i
/^titori\.com$/i
/^wonderlandkindofmind\.com$/i
/^povishenie-kvalifikacii-mos\.ru$/i
/^victuspanama\.com$/i
/^theweddingfactors\.com$/i
/^wikicheatcodes\.com$/i
/^av-w\.ru$/i
/^thestationerydivision\.com$/i
/^washingtonparkstores\.com$/i
/^32mos-now\.ru$/i
/^32msk-glav\.ru$/i
/^kollon-mail\.ru$/i
/^0m0n\.ru$/i
/^53mos-glav\.ru$/i
/^seminar-seminarov\.ru$/i
/^top5amazon\.com$/i
/^ecocartrigges\.ru$/i
/^worldsbestburlesque\.com$/i
/^14msk-gov\.ru$/i
/^trilbygrey\.com$/i
/^wilsonsweekly\.com$/i
/^visionaireworldgroup\.com$/i
/^mashouse\.ru$/i
/^trupublica\.com$/i
/^39ros-pr\.ru$/i
/^waynemcclay\.com$/i
/^.*\.ya-busines\.ru$/i
/^travelnursestation\.com$/i
/^ariamelanie\.com$/i
/^thepassportproject\.com$/i
/^alihost\.co\.ua$/i
/^viccolor\.com$/i
/^alimentospollorey\.com$/i
/^apsmiley\.com$/i
/^14sem-glav\.ru$/i
/^remprlib\.ru$/i
/^dv-web-alt\.ru$/i
/^48ros-gov\.ru$/i
/^3dmacron\.ru$/i
/^mirapost\.ru$/i
/^ashishpant\.com$/i
/^autumnhillmusic\.com$/i
/^yawev\.ru$/i
/^14ros-gov\.ru$/i
/^kdgb5\.ru$/i
/^ros-mos-seminar\.ru$/i
/^kursy-v-moskve\.ru$/i
/^17msk-edu\.ru$/i
/^53inst-glav\.ru$/i
/^seminars-v-mos\.ru$/i
/^seminary-v-mos\.ru$/i
/^plsravega\.ru$/i
/^ieuso-invite-n32\.ru$/i
/^alutd\.ru$/i
/^2fabfristers\.com$/i
/^fardesk\.net$/i
/^mybusinesslife\.ru$/i
/^virginiacosmetics\.com$/i
/^green-byanshi\.ru$/i
/^smartbabyvatch\.ru$/i
/^stolicaeducation\.ru$/i
/^shablon-shkola\.ru$/i
/^kontakttextile\.ru$/i
/^web-mails-host\.ru$/i
/^dimmid\.ru$/i
/^seminar-v-stolice\.ru$/i
/^ndgroups\.ru$/i
/^stmediamail\.ru$/i
/^proffeducation\.ru$/i
/^47ros-sem\.ru$/i
/^alihost\.biz\.ua$/i
/^kollisar\.biz\.ua$/i
/^14inst-pr\.ru$/i
/^freshwind-house\.ru$/i
/^fresh-wind-home\.ru$/i
/^49inst-prof\.ru$/i
/^pointbalanceorg\.ru$/i
/^49msk-glav\.ru$/i
/^53russ-gov\.ru$/i
/^bittcity\.com$/i
/^seminar14msk\.ru$/i
/^risummit\.ru$/i
/^intelpribor\.info$/i
/^telemarketing-info-n\.ru$/i
/^ros-konf-mos\.ru$/i
/^povisheniekvalifikatiivmoskve\.ru$/i
/^32mos-glav\.ru$/i
/^mitsingaslawoffice\.com$/i
/^ros-konf-sem\.ru$/i
/^bizsummit\.ru$/i
/^spec-invite-cource\.ru$/i
/^seldon\.ru$/i
/^academycert\.ru$/i
/^31sem-glav\.ru$/i
/^31inst-gov\.ru$/i
/^mosros-seminar\.ru$/i
/^seminar-ros-mos\.ru$/i
/^obuchenie-v-moskve\.ru$/i
/^seminar-law\.ru$/i
/^sem-ros-mos\.ru$/i
/^finexpertiza\.ru$/i
/^seminars-i-kursy\.ru$/i
/^53inst-now\.ru$/i
/^32inst-prof\.ru$/i
/^fnalog\.ru$/i
/^storekm\.ru$/i
/^ros-mos-gov\.ru$/i
/^lecciistolica\.ru$/i
/^city8\.ru$/i
/^treningi-i-kursy\.ru$/i
/^womenswealthu\.com$/i
/^think-elite\.com$/i
/^nanotech99\.ru$/i
/^think-growth\.com$/i
/^institutseminar\.ru$/i
/^31sem-gov\.ru$/i
/^nixasmail\.ru$/i
/^bfbbebfbdfab\.ru$/i
/^grouppiks\.ru$/i
/^podolskholodok\.ru$/i
/^seowebmail\.ru$/i
/^basdo\.ru$/i
/^32msk-pr\.ru$/i
/^seminar47russ\.ru$/i
/^cawyz\.ru$/i
/^31ros-glav\.ru$/i
/^31mos-pr\.ru$/i
/^resiw\.ru$/i
/^32sem-prof\.ru$/i
/^kvavifikaziya-kadrov\.ru$/i
/^bit-telemarketing-info-n\.ru$/i
/^53ros-glav\.ru$/i
/^freeones\.eu$/i
/^eshift\.ru$/i
/^14mos-gov\.ru$/i
/^tttz2\.ru$/i
/^ros-mos-kurs\.ru$/i
/^jazyr\.ru$/i
/^ceddeafdaed\.ru$/i
/^mos-lect-iemsr\.ru$/i
/^mobilnewsrussia\.ru$/i
/^addtrade\.ru$/i
/^agat-trade\.ru$/i
/^forumfree\.ru$/i
/^detit\.ru$/i
/^kupicn\.ru$/i
/^uz-trikotazh\.ru$/i
/^kiloparsec\.ru$/i
/^invite-leccii-n55\.ru$/i
/^djv-com\.net$/i
/^31mos-gov\.ru$/i
/^www-fizza\.ru$/i
/^dpo-kursy-msk\.ru$/i
/^thoughtchecker\.com$/i
/^thestevejimenez\.com$/i
/^treatment-trials\.com$/i
/^thisgloriouschristmas\.com$/i
/^willdesignforsurf\.com$/i
/^leccii\.ru$/i
/^32ros-prof\.ru$/i
/^kursy-dpo-iemsr\.ru$/i
/^14russ-prof\.ru$/i
/^32sem-gov\.ru$/i
/^cfdbdecf\.ru$/i
/^perepodgotovka-personala\.ru$/i
/^remdov\.ru$/i
/^call-center-perm\.ru$/i
/^xpsmarvel\.ru$/i
/^qwallyna\.ru$/i
/^konferensyyvmoskve\.ru$/i
/^moskovskiy-seminar\.ru$/i
/^inviteleccii\.ru$/i
/^invite-leccii-n53\.ru$/i
/^stolicadpo\.ru$/i
/^lectsiikonfer-msk\.ru$/i
/^47mos-sem\.ru$/i
/^msk-courses\.ru$/i
/^gov-ros-mos\.ru$/i
/^31msk-edu\.ru$/i
/^aktualnoe-obuchenie\.ru$/i
/^rus-kurs-tuition\.ru$/i
/^32ros-glav\.ru$/i
/^47inst-sem\.ru$/i
/^47russ-sem\.ru$/i
/^conferinstitut\.ru$/i
/^stolicaleccii\.ru$/i
/^seminar-ros\.ru$/i
/^seminar-v-moskve\.ru$/i
/^14inst-gov\.ru$/i
/^32ros-pr\.ru$/i
/^proff-stolica\.ru$/i
/^31ros-now\.ru$/i
/^seminar17msk\.ru$/i
/^treningi-v-moskve\.ru$/i
/^14mos-now\.ru$/i
/^mos-povishenie-kvalifikacii\.ru$/i
/^32mos-gov\.ru$/i
/^ros-mos-sem\.ru$/i
/^educationstolica\.ru$/i
/^v-mos-seminar\.ru$/i
/^seminar-institut\.ru$/i
/^your-seminar\.ru$/i
/^institut-kursy\.ru$/i
/^32inst-glav\.ru$/i
/^14mos-prof\.ru$/i
/^invite-leccii-n54\.ru$/i
/^xerit\.ru$/i
/^foodrussia\.online$/i
/^affbbbebdbcacbca\.ru$/i
/^autozap-korea\.ru$/i
/^32russ-glav\.ru$/i
/^moscows-seminary\.ru$/i
/^vasdo\.ru$/i
/^mosros-obuchenie\.ru$/i
/^horoshee-obuchenie\.ru$/i
/^fievench\.ru$/i
/^39ros-now\.ru$/i
/^hodorir\.ru$/i
/^53ros-prof\.ru$/i
/^invitestolica\.ru$/i
/^kaduvia\.ru$/i
/^31inst-prof\.ru$/i
/^dopobr-new-n32\.ru$/i
/^kvavifikaziya-kadrov-dpo\.ru$/i
/^39ros-gov\.ru$/i
/^lptsystem\.ru$/i
/^goblsem\.ru$/i
/^bacefdecddaccdc\.ru$/i
/^kladmerop\.ru$/i
/^taigasibiri\.ru$/i
/^32russ-pr\.ru$/i
/^31ros-prof\.ru$/i
/^pricetime\.pro$/i
/^educationproff\.ru$/i
/^propmerop\.ru$/i
/^seminars-for-kvalification\.ru$/i
/^raduga-msk\.ru$/i
/^53msk-now\.ru$/i
/^47mos-rass\.ru$/i
/^31russ-glav\.ru$/i
/^32mos-prof\.ru$/i
/^31mos-glav\.ru$/i
/^fafcebacadfcfaeafecefd\.ru$/i
/^prixodcerkov\.ru$/i
/^32msk-now\.ru$/i
/^admintech\.ru$/i
/^ftspledom\.ru$/i
/^invite-lectsii\.ru$/i
/^divadent-ru\.ru$/i
/^mediastandart-mail\.ru$/i
/^jaku-mail\.ru$/i
/^verhovcev\.ru$/i
/^co-solutions\.ru$/i
/^www-learntomarket\.ru$/i
/^yutamail\.ru$/i
/^mail-2\.ru$/i
/^podolskholodoks\.ru$/i
/^eeafaaafcedbecf\.ru$/i
/^dyn4\.ru$/i
/^corp-mailhost\.ru$/i
/^clouddata\.co\.ua$/i
/^astro-mail\.ru$/i
/^advokatskayakollegiya\.ru$/i
/^wwworkers-box\.ru$/i
/^snovsmege\.ru$/i
/^omxcourson\.ru$/i
/^prisioners\.biz\.ua$/i
/^ncwsktps\.ru$/i
/^ambasadore\.co\.ua$/i
/^fillatione\.biz\.ua$/i
/^vnrmezon\.ru$/i
/^prision\.co\.ua$/i
/^teeperos\.eu$/i
/^zeromina\.eu$/i
/^tonirovany\.biz\.ua$/i
/^cfffaebacbfe\.ru$/i
/^gaorz\.ru$/i
/^skyfamaly\.co\.ua$/i
/^multistar\.biz\.ua$/i
/^winntion\.co\.ua$/i
/^amarok\.biz\.ua$/i
/^wlpbrass\.ru$/i
/^nilok\.ru$/i
/^gazlife\.biz\.ua$/i
/^vilkov\.biz\.ua$/i
/^.*\.trans-lateplus\.ru$/i
/^bamaksan\.net$/i
/^tet\.yoursender\.pp\.ua$/i
/^pravdametod\.ru$/i
/^ankar-pro\.ru$/i
/^kavaza-mail\.ru$/i
/^fresh-windhome\.ru$/i
/^www-imramor\.ru$/i
/^www-zookatrin\.ru$/i
/^www-mymanimarket\.ru$/i
/^vorn-mail\.ru$/i
/^onix-mail\.ru$/i
/^geotex-tile-neva\.ru$/i
/^prodvigator\.bg$/i
/^www-rcwm\.ru$/i
/^umbrostartest\.ru$/i
/^tomsonmaxsw\.ru$/i
/^wheel-of-destiny\.ru$/i
/^goup\.ru$/i
/^nasyb\.ru$/i
/^nadfe\.ru$/i
/^losam\.ru$/i
/^atepo\.ru$/i
/^jaxip\.ru$/i
/^nysep\.ru$/i
/^ceryr\.ru$/i
/^varut\.ru$/i
/^sitespace\.eu$/i
/^eretu\.ru$/i
/^sentido\.biz\.ua$/i
/^fetul\.ru$/i
/^newsworld\.club$/i
/^bmasterplus\.com$/i
/^bfcdbedbbdbdcbced\.ru$/i
/^muladhara\.ch$/i
/^naxup\.ru$/i
/^vipperson\.eu$/i
/^wutas\.ru$/i
/^nesar\.ru$/i
/^matip\.ru$/i
/^sto555\.ru$/i
/^37pr\.ru$/i
/^willisoner\.eu$/i
/^beseg\.ru$/i
/^yadeb\.ru$/i
/^kacor\.ru$/i
/^kacoa\.ru$/i
/^gotoshopping\.ru$/i
/^plans2014\.ru$/i
/^send-ot-expertov\.ru$/i
/^media-summit\.ru$/i
/^mytav\.ru$/i
/^key-sales\.ru$/i
/^znak-stroy\.ru$/i
/^logo-start\.ru$/i
/^jaras-mail\.ru$/i
/^kamin-mail\.ru$/i
/^www-zs-service\.ru$/i
/^casino-xx\.ru$/i
/^domsvoystroy-rf\.ru$/i
/^www-conexpo-2017\.ru$/i
/^newchronometer-info\.ru$/i
/^mieen-lpg\.ru$/i
/^tolerancenow\.info$/i
/^honbookart\.ru$/i
/^express-contacts\.com$/i
/^eco-cartrigges\.ru$/i
/^www-oktane\.ru$/i
/^s24-trading\.ru$/i
/^bezvatip\.info$/i
/^kotani\.ru$/i
/^elparo\.ru$/i
/^muzot\.ru$/i
/^smisender\.ru$/i
/^paxmedia\.site$/i
/^logoss13\.ru$/i
/^logoss12\.ru$/i
/^logoss11\.ru$/i
/^defebdeb\.ru$/i
/^babcbbddbeddae\.ru$/i
/^iconasters\.ru$/i
/^bentota\.co\.ua$/i
/^www-dom-svai\.ru$/i
/^www-visaone\.ru$/i
/^vatep\.ru$/i
/^vesaf\.ru$/i
/^kasup\.ru$/i
/^jutes\.ru$/i
/^ofesu\.ru$/i
/^husav\.ru$/i
/^ginilom\.co\.ua$/i
/^isrotel\.biz\.ua$/i
/^masew\.ru$/i
/^lacip\.ru$/i
/^fdfcaeedcf\.ru$/i
/^plefa\.ru$/i
/^masux\.ru$/i
/^herof\.ru$/i
/^retaw\.ru$/i
/^masde\.ru$/i
/^kipav\.ru$/i
/^sapol\.ru$/i
/^iloveproject\.info$/i
/^telemark-n\.ru$/i
/^gymk\.net$/i
/^xadeveni\.ru$/i
/^salemaster2018\.ru$/i
/^logoss10\.ru$/i
/^elevenmoney\.com$/i
/^efeddfb\.ru$/i
/^mailza\.club$/i
/^fecacfebded\.ru$/i
/^otyfe\.ru$/i
/^rewah\.ru$/i
/^morkmail\.ru$/i
/^netllink\.ru$/i
/^etiketka-minsk\.by$/i
/^bnuki\.ru$/i
/^bitul\.ru$/i
/^finexpertiza\.org$/i
/^ya-team2\.ru$/i
/^bazis-lk\.ru$/i
/^dpo-bazis\.ru$/i
/^logoss8\.ru$/i
/^wegan-mail\.ru$/i
/^rgdmsnab\.ru$/i
/^mdptex\.ru$/i
/^logoss9\.ru$/i
/^rgdm-info\.ru$/i
/^xmsvis\.ru$/i
/^rgnt-info\.ru$/i
/^edacacefbfccfacf\.ru$/i
/^jotyd\.ru$/i
/^fabcfaeecc\.ru$/i
/^zvsgefest\.ru$/i
/^bukil\.ru$/i
/^20000-mah\.ru$/i
/^lapem\.ru$/i
/^kolyt\.ru$/i
/^bolim\.ru$/i
/^dddeeabbdafe\.ru$/i
/^orepu\.ru$/i
/^theoutletshop\.es$/i
/^hellosender\.ru$/i
/^oculuss\.ru$/i
/^aninene\.ru$/i
/^dbeebffedadeb\.ru$/i
/^logoss7\.ru$/i
/^pasloadcomax\.ru$/i
/^casew\.ru$/i
/^gitob\.ru$/i
/^boloz\.ru$/i
/^bewad\.ru$/i
/^lectsiikonfer-moscow\.ru$/i
/^pwalini\.ru$/i
/^rastuse\.ru$/i
/^inst-dpo-n32\.ru$/i
/^fcdabeeafa\.ru$/i
/^lidmagnit4\.ru$/i
/^47ros-rass\.ru$/i
/^alondian\.ru$/i
/^digital--tutor\.ru$/i
/^rugamepro\.ru$/i
/^brand-shawl\.ru$/i
/^debdfcaddca\.ru$/i
/^muscle-mass\.ru$/i
/^shoponlinenow\.ru$/i
/^proposal-edu\.ru$/i
/^seminar47inst\.ru$/i
/^1001sales\.ru$/i
/^bizmail24\.info$/i
/^47msk-sem\.ru$/i
/^asonur\.ru$/i
/^planbig4\.ru$/i
/^47sem-rass\.ru$/i
/^lidmagnit9\.ru$/i
/^ya-spb\.ru$/i
/^unblock-money\.ru$/i
/^stavkina1\.ru$/i
/^kvalifictia\.ru$/i
/^business-life\.com\.ru$/i
/^ya-novosib\.ru$/i
/^semaprof\.ru$/i
/^mastsio\.ru$/i
/^forma-dlya-syra\.ru$/i
/^ahpornogratuit\.com$/i
/^tukid\.ru$/i
/^ceruk\.ru$/i
/^megamails\.ru$/i
/^rgzakaz\.ru$/i
/^seminar-institut-trening\.ru$/i
/^mail-forum-seminar\.ru$/i
/^ilalais\.ru$/i
/^krkon\.ru$/i
/^geruk\.ru$/i
/^vilot\.ru$/i
/^wolas\.ru$/i
/^caxol\.ru$/i
/^mydrowo\.ru$/i
/^okresta\.ru$/i
/^ultra-slim\.cz$/i
/^manwazi\.ru$/i
/^reklamka-mir\.ru$/i
/^caacbcbafeafef\.ru$/i
/^biopa\.ru$/i
/^durib\.ru$/i
/^webdeta\.biz$/i
/^dogshow-groomer\.ru$/i
/^lifestyle-vietnam\.com$/i
/^vosirot\.ru$/i
/^feruk\.ru$/i
/^bokil\.ru$/i
/^ivira-gtc\.date$/i
/^oursurvey\.win$/i
/^saery\.ru$/i
/^willisingers\.life$/i
/^meridian-travel\.ru$/i
/^tawpo\.ru$/i
/^invite-confer-n32\.ru$/i
/^dpo-seminar-n32\.ru$/i
/^ecocompany\.ru$/i
/^moskva-trenings\.ru$/i
/^n32-confer-invite\.ru$/i
/^39msk-pr\.ru$/i
/^institutconfer\.ru$/i
/^tinfvest\.ru$/i
/^guchrlekcii\.ru$/i
/^miloh\.ru$/i
/^codiw\.ru$/i
/^rystal\.co\.ua$/i
/^businesslife\.com\.ru$/i
/^newil\.ru$/i
/^kabuh\.ru$/i
/^treningi-seminars\.ru$/i
/^kadri-obuchenie-v-stolice\.ru$/i
/^vomik\.ru$/i
/^bpfgroup\.ru$/i
/^digitalcourses\.ru$/i
/^lecciidpo\.ru$/i
/^institutmos\.ru$/i
/^abusesend\.ru$/i
/^marmaris-events\.ru$/i
/^72advert\.ru$/i
/^.*\.kupiotpusk\.ru$/i
/^vukon\.ru$/i
/^ctmo\.ru$/i
/^cirol\.ru$/i
/^aseto\.ru$/i
/^zimmines\.biz\.ua$/i
/^seraw\.ru$/i
/^nutew\.ru$/i
/^info-stroizakaz\.ru$/i
/^bilak\.ru$/i
/^mokur\.ru$/i
/^jolaw\.ru$/i
/^39msk-now\.ru$/i
/^refakt\.ru$/i
/^logoss6\.ru$/i
/^vityl\.ru$/i
/^logoss5\.ru$/i
/^54-fz-kkt\.ru$/i
/^wilsaman\.me$/i
/^screenmag\.me$/i
/^epay-club\.com$/i
/^infouncensoredchina\.mobi$/i
/^kdin\.ru$/i
/^avantiweb\.ru$/i
/^andeev\.me$/i
/^xolot\.ru$/i
/^tasme\.ru$/i
/^seminarconfer\.ru$/i
/^vashbonus\.org$/i
/^confermos\.ru$/i
/^lognike\.eu$/i
/^dpoleccii\.ru$/i
/^vetlugapravo\.ru$/i
/^pyroshow\.ru$/i
/^xn-----8kcfbkhaecyez0bkabptr2b\.xn--p1ai$/i
/^jsst1\.ru$/i
/^meropriyatie-v-msk\.ru\.com$/i
/^rusans\.ru$/i
/^atama-group\.ru$/i
/^arf\.se$/i
/^russianeducation\.ru$/i
/^sccmailer\.ru$/i
/^reistone\.co\.ua$/i
/^ronyt\.ru$/i
/^pearcocse\.co\.ua$/i
/^torg2017\.ru$/i
/^speeck-up\.co\.ua$/i
/^vecir\.ru$/i
/^winnerdel\.biz\.ua$/i
/^bolew\.ru$/i
/^ortot\.ru$/i
/^pokkine\.ru$/i
/^fifanew\.co\.ua$/i
/^dowslake\.ru$/i
/^airmolding\.eu$/i
/^humanrightsnews\.info$/i
/^cyberget\.ru$/i
/^biryt\.ru$/i
/^nalop\.ru$/i
/^amylo\.ru$/i
/^fotub\.ru$/i
/^krgarant\.ru$/i
/^vkoler\.ru$/i
/^clothing\.ru\.com$/i
/^professional-careers\.ru$/i
/^max-fin\.ru$/i
/^professional-information24\.ru$/i
/^professional-info\.ru$/i
/^tatarstan-hotel\.pro$/i
/^avg2017\.ru$/i
/^gorgin\.ru$/i
/^naduk\.ru$/i
/^greenred\.me$/i
/^leoneagency\.ru$/i
/^nirok\.ru$/i
/^mityl\.ru$/i
/^3pochta\.ru$/i
/^vomad\.ru$/i
/^haney\.ru$/i
/^logoss4\.ru$/i
/^sebol\.ru$/i
/^obuch-seminar\.ru$/i
/^boriw\.ru$/i
/^stoleshnikov-st\.ru$/i
/^clarification-pravo\.ru$/i
/^exelion-voice\.ru$/i
/^netcomservice\.ru$/i
/^look-in\.su$/i
/^bidauto\.win$/i
/^ros-pochta\.ru$/i
/^big-seven\.ru$/i
/^piqiso\.ru$/i
/^hysar\.ru$/i
/^fishecur\.ru$/i
/^bittelemark-n\.ru$/i
/^heppy-buyer\.ru$/i
/^golubtsov\.ru$/i
/^bit-telemark-info-n\.ru$/i
/^worxler\.ru$/i
/^how-to-love\.ru$/i
/^finline24\.ru$/i
/^rea-most\.bid$/i
/^m206\.bid$/i
/^uniformservise\.ru$/i
/^dviga\.marketing$/i
/^cukol\.ru$/i
/^resaw\.ru$/i
/^potyw\.ru$/i
/^ch-p\.bid$/i
/^russia-telecom\.bid$/i
/^energo-arm\.bid$/i
/^djshadow\.bid$/i
/^cotad\.ru$/i
/^seguk\.ru$/i
/^basis-umc\.ru$/i
/^bazis-dpo\.ru$/i
/^hardtur\.bid$/i
/^valdis-k\.bid$/i
/^cdsdom\.bid$/i
/^nopit\.ru$/i
/^fsk-group\.bid$/i
/^putoha\.bid$/i
/^nomokanon\.ru$/i
/^ex-project\.bid$/i
/^logoss3\.ru$/i
/^active-kuz\.ru$/i
/^.*\.uralprom2\.ru$/i
/^konferensiivmoskve\.ru$/i
/^srato\.ru$/i
/^iun2017\.ru$/i
/^menulog\.bid$/i
/^i-derevo\.bid$/i
/^x-libris\.bid$/i
/^krasota4you\.bid$/i
/^an-proekt\.bid$/i
/^kolskydom\.bid$/i
/^395650\.ru$/i
/^skyto\.ru$/i
/^rt-design\.bid$/i
/^rmt-group\.bid$/i
/^user-pc\.bid$/i
/^iso-sertifikat\.ru$/i
/^bolaw\.ru$/i
/^vemal\.ru$/i
/^technors\.bid$/i
/^comfortbel\.bid$/i
/^web-test\.bid$/i
/^regbirga\.ru$/i
/^montagotoplenie\.ru$/i
/^aultoins\.ru$/i
/^allaboutice\.com$/i
/^atraction\.bid$/i
/^karycels\.bid$/i
/^atrakcions\.bid$/i
/^magellan-bost\.bid$/i
/^atrakciony\.bid$/i
/^rmgrecords\.bid$/i
/^kottedg-ekb\.ru$/i
/^garage-online\.bid$/i
/^5024848\.ru$/i
/^biznes-grup\.ru$/i
/^sidretour\.ru$/i
/^bittelemark-info-n\.ru$/i
/^tandem21\.ru$/i
/^ca-vega\.ru$/i
/^exclusivecarpet\.bid$/i
/^srochnozaim\.ru$/i
/^romamail\.ru$/i
/^sun-ex\.ru$/i
/^logoss2\.ru$/i
/^attrakcions\.bid$/i
/^glavobuch\.ru$/i
/^zav0d\.bid$/i
/^karasugoldemlak\.net$/i
/^price-s\.bid$/i
/^npf-pica\.bid$/i
/^wkyto\.ru$/i
/^tukol\.ru$/i
/^recenziy\.ru$/i
/^bopyn\.ru$/i
/^juter\.ru$/i
/^zolaw\.ru$/i
/^nigab\.ru$/i
/^maincourses\.ru$/i
/^1reality\.ru$/i
/^legateau\.ru$/i
/^tekomp\.ru$/i
/^t-rally\.ru$/i
/^rediffmail\.com$/i
/^iactive\.pro$/i
/^alfa121\.ru$/i
/^poleru\.ru$/i
/^07servu5\.ru$/i
/^greatwall-izhevsk\.ru$/i
/^anykyeschik\.ru$/i
/^alizone\.ru$/i
/^ali-10\.ru$/i
/^tdmgil\.ru$/i
/^april-opt\.ru$/i
/^dpiprint\.ru$/i
/^alekcshop\.ru$/i
/^magistral-piter\.com$/i
/^artidevelopment\.ru$/i
/^deti-mira\.ru$/i
/^akooh\.ru$/i
/^logoss1\.ru$/i
/^skivik\.ru$/i
/^psm-alpha\.ru$/i
/^gemurus\.ru$/i
/^asn-info\.ru$/i
/^bittelemarketing-n\.ru$/i
/^vuren\.ru$/i
/^2goal\.biz$/i
/^volganot\.ru$/i
/^.*\.maxi-m\.com$/i
/^ya-kazan\.ru$/i
/^nalir\.ru$/i
/^rosorgsem\.ru$/i
/^39mos-gov\.ru$/i
/^ieuso-seminar\.ru$/i
/^giolp\.ru$/i
/^xnert\.ru$/i
/^vawet\.ru$/i
/^spamhous\.ru$/i
/^kurion\.ru$/i
/^terad\.ru$/i
/^gmx\.com$/i
/^nalak\.ru$/i
/^tulob\.ru$/i
/^dakil\.ru$/i
/^jinco\.ru$/i
/^mh100\.ru$/i
/^deril\.ru$/i
/^colew\.ru$/i
/^msk-refresher-courses\.ru$/i
/^priglashenie-dpo\.ru$/i
/^resah\.ru$/i
/^rohtur\.ru$/i
/^invite-leccii-n32\.ru$/i
/^topikstartser\.ru$/i
/^genad\.ru$/i
/^apum\.ru$/i
/^eklipsder\.ru$/i
/^pokersewe\.ru$/i
/^jermasmax\.ru$/i
/^xamestart\.ru$/i
/^10yes\.ru$/i
/^rymto\.ru$/i
/^lakosters\.ru$/i
/^seminary\.bizml\.ru$/i
/^alluncensoredchina\.info$/i
/^xapor\.ru$/i
/^topbill\.ru$/i
/^turov5\.ru$/i
/^bazisclass\.ru$/i
/^moteg\.ru$/i
/^fotoplenka\.ru$/i
/^basis-dpo\.ru$/i
/^seminartravel\.ru$/i
/^41mos-now\.ru$/i
/^32msk-sem\.ru$/i
/^viezdsem\.ru$/i
/^zok66\.ru$/i
/^emlapp\.com$/i
/^reklamagt\.ru$/i
/^totaluncensoredchina\.info$/i
/^ferab\.ru$/i
/^zwdgogu\.ru$/i
/^turil\.ru$/i
/^finansolymp\.ru$/i
/^itnline\.ru$/i
/^seninar-gov\.ru$/i
/^institute-education\.info$/i
/^logos19\.ru$/i
/^money-sys\.ru$/i
/^institute-profedu\.info$/i
/^promouterme\.ru$/i
/^advanced-training\.ru$/i
/^atacademy\.ru$/i
/^institute-professional\.info$/i
/^xiwas\.ru$/i
/^ot-expertov-mos\.ru\.com$/i
/^n32-dpo-best\.ru$/i
/^obrazovanievmos\.ru$/i
/^venak\.ru$/i
/^institut-education\.ru$/i
/^samsale\.ru$/i
/^dengi-magnit\.ru$/i
/^zarabotai-vseti\.ru$/i
/^sldirect\.ru$/i
/^balsa-spb\.ru$/i
/^dopolnit-obrazovanie\.ru$/i
/^fibom\.ru$/i
/^sladkiyopt\.ru$/i
/^zerich\.com$/i
/^zarabotaemonline\.ru$/i
/^afdroid\.ru$/i
/^obraz-forcomp\.ru$/i
/^logos18\.ru$/i
/^ab-seminar\.ru$/i
/^casur\.ru$/i
/^bitot\.ru$/i
/^ratot\.ru$/i
/^32russ-rass\.ru$/i
/^dpo-inst-msk\.ru$/i
/^sem-cources\.ru$/i
/^greenemail\.ru$/i
/^truthuncensoredchina\.info$/i
/^sem-legisl\.ru$/i
/^tolscamvid\.ru$/i
/^travel-advisors\.info$/i
/^mitsingaslaw\.com$/i
/^siberiadpo\.ru$/i
/^seminar17mail\.ru$/i
/^ieuso-dpo-lectsii\.ru$/i
/^spec-invite-edu\.ru$/i
/^special-newsletter\.ru$/i
/^russ-educat\.ru$/i
/^zarabatyvai-zdes\.ru$/i
/^rent-money\.ru$/i
/^notyd\.ru$/i
/^inmail25\.ru$/i
/^bankierinfo\.ru$/i
/^bit-telemarketing-clients-n\.ru$/i
/^deymoney\.ru$/i
/^money-mnogo\.ru$/i
/^kurs-free\.ru$/i
/^bituk\.ru$/i
/^advoinfo\.ru$/i
/^falconkurs\.ru$/i
/^lotur\.ru$/i
/^anodpoinst\.ru$/i
/^clubinfo-kurs\.ru$/i
/^all4kurs\.ru$/i
/^mryto\.ru$/i
/^bigmoneybot\.ru$/i
/^main-educat\.ru$/i
/^comline\.ru$/i
/^whoreadingmail\.ru$/i
/^nytum\.ru$/i
/^.*\.convertmonstermail\.ru$/i
/^carbail\.ru$/i
/^big-dengi\.ru$/i
/^vrema-dengi\.ru$/i
/^bissrabota\.ru$/i
/^weraf\.ru$/i
/^ya-dengi\.ru$/i
/^lerkq\.ru$/i
/^dengi-site\.ru$/i
/^retailrocket\.net$/i
/^leram\.ru$/i
/^domrabota24\.ru$/i
/^socofex\.ru$/i
/^doma-rabotai\.ru$/i
/^sert-trts\.ru$/i
/^atiks2017\.ru$/i
/^2heaven\.ru$/i
/^infohelpstroy\.ru$/i
/^wikre\.ru$/i
/^ykadv\.ru$/i
/^eye-patch-magazin\.ru$/i
/^verhu\.ru$/i
/^direct18\.ru$/i
/^hifisale\.ru$/i
/^voclub\.ru$/i
/^jeysonasnxam\.ru$/i
/^angel-club\.ru$/i
/^karmencomex\.ru$/i
/^voonowell\.ru$/i
/^zoomastera\.ru$/i
/^polopoersrt\.ru$/i
/^slopstartswe\.ru$/i
/^.*\.change\.org$/i
/^object10\.ru$/i
/^softline-direct\.ru$/i
/^heraldmaster\.ga$/i
/^odinhost\.ru$/i
/^callavk\.ru$/i
/^sofut\.ru$/i
/^cources-lection\.ru$/i
/^hutero\.ru$/i
/^binom-perm\.ru$/i
/^eatonway\.ru$/i
/^rastrntc\.ru$/i
/^nebokonti\.ru$/i
/^svetodiod-mokva\.ru$/i
/^waysay\.ru$/i
/^zaoumk\.ru$/i
/^flowers56\.ru$/i
/^aerokem\.ru$/i
/^cenlog\.ru$/i
/^flex-don\.ru$/i
/^clubcrocodile\.ru$/i
/^blackmask-magazin\.ru$/i
/^atmosfera-shop\.ru$/i
/^.*\.rosstour\.ru$/i
/^.*\.getwiper\.ru$/i
/^heraldmaster\.gq$/i
/^direct14\.ru$/i
/^tkolu\.ru$/i
/^kutyw\.ru$/i
/^reonaitiv\.ru$/i
/^500155\.ru$/i
/^unreal2\.ru$/i
/^finance-scout24\.ru$/i
/^traintener\.ru$/i
/^logos17\.ru$/i
/^lection-v-iemsr\.ru$/i
/^intui\.travel$/i
/^intui\.su$/i
/^lection-best\.ru$/i
/^e-tefl\.ru$/i
/^bmxonline\.ru$/i
/^tkune\.ru$/i
/^epromosennd\.ru$/i
/^eightbyten\.pro$/i
/^isvald\.ru$/i
/^whilsacom\.eu$/i
/^artot\.ru$/i
/^motyn\.ru$/i
/^yandex-business\.ru$/i
/^qwestr\.ru$/i
/^day-charity\.ru$/i
/^stroy-k\.ru$/i
/^svenform\.eu$/i
/^qlogikser\.ru$/i
/^logos16\.ru$/i
/^avk-telecom\.com$/i
/^proti\.ru$/i
/^plagas\.ru$/i
/^tarko-selo\.ru$/i
/^epolaser\.ru$/i
/^istak\.ru$/i
/^monkla\.ru$/i
/^ostyk\.ru$/i
/^kanle\.ru$/i
/^sanfk\.ru$/i
/^prizuy\.ru$/i
/^okayface\.ru$/i
/^obrazovanie\.me$/i
/^nonice\.eu$/i
/^.*\.az\.us$/i
/^proikago\.ru$/i
/^htcforum\.eu$/i
/^klasev\.ru$/i
/^centerint\.ru$/i
/^.*\.emailsrassylka\.ru$/i
/^carscout24\.ru$/i
/^cybermarketing\.ru$/i
/^prostosd\.ru$/i
/^vipauto-ms\.ru$/i
/^borag\.ru$/i
/^volz-gmbh\.info$/i
/^macpsp\.ru$/i
/^cartvl\.ru$/i
/^tele-iphone\.ru$/i
/^el-sig-nn\.ru$/i
/^mediapro\.com\.ru$/i
/^vipauto-mr\.ru$/i
/^carbonara\.ru$/i
/^mbphoto\.ru$/i
/^tortv\.pw$/i
/^apachlab\.ru$/i
/^ochagservis\.ru$/i
/^katle\.ru$/i
/^wkch83\.ru$/i
/^motut\.ru$/i
/^schooldirector\.ru$/i
/^bazis-class\.ru$/i
/^dosugfoto\.ru$/i
/^rotyb\.ru$/i
/^dorag\.ru$/i
/^spec-invite-obuch\.ru$/i
/^coofer\.ru$/i
/^s20033239\.onlinehome-server\.info$/i
/^fwtrade\.ru$/i
/^obuch-pravo\.ru$/i
/^ink-donor\.ru$/i
/^inst-visit-kurs\.ru$/i
/^hipiloiner\.eu$/i
/^dowyn\.ru$/i
/^tonirovka\.online$/i
/^sen-obuch-law\.ru$/i
/^prizuy\.ru$/i
/^oblaka29\.ru$/i
/^tyr1\.ru$/i
/^mawep\.ru$/i
/^ljemail\.ru$/i
/^sofko\.ru$/i
/^estuk\.ru$/i
/^maillift\.ru$/i
/^saveuncensoredchina\.info$/i
/^gwerlsert\.ru$/i
/^nawan\.ru$/i
/^korco\.ru$/i
/^gobuk\.ru$/i
/^logos15\.ru$/i
/^kotno\.ru$/i
/^plopsecfr\.ru$/i
/^uw-fc\.ru$/i
/^morno\.ru$/i
/^novellesb\.ru$/i
/^dofat\.ru$/i
/^indecoexpert\.ru$/i
/^degha\.ru$/i
/^botyr\.ru$/i
/^.*\.glav-dostavka\.com$/i
/^pomogemhramu\.ru$/i
/^isg-consult\.com$/i
/^logos14\.ru$/i
/^mirsv\.ru$/i
/^fireman\.net$/i
/^oooavsk\.ru$/i
/^cafdo\.ru$/i
/^card34\.ru$/i
/^lidds\.ru$/i
/^djdisk\.ru$/i
/^mxclub\.ru$/i
/^tayet\.ru$/i
/^mccvu\.ru$/i
/^rich-soul\.ru$/i
/^4mail4\.ru$/i
/^tosdo\.ru$/i
/^acwatch\.ru$/i
/^novaskazka\.ru$/i
/^website\.is$/i
/^gardenwall\.ru$/i
/^gibridsend\.ru$/i
/^uslugi25vl\.ru$/i
/^franch-2017\.ru$/i
/^kotux\.ru$/i
/^tklua\.ru$/i
/^regisinc\.eu$/i
/^flamingo-tour\.ru$/i
/^korea\.com$/i
/^asuduos\.biz\.ua$/i
/^263\.net$/i
/^kytte\.ru$/i
/^rarok\.ru$/i
/^mwizz\.ru$/i
/^gupktc\.org$/i
/^bestemails99\.ru$/i
/^reduktoren\.ru$/i
/^ksktrade\.ru$/i
/^agotour\.ru$/i
/^bit2gis\.ru$/i
/^gusarskayaballada\.ru$/i
/^a-zeon\.ru$/i
/^o3tech\.ru$/i
/^permpsy1\.ru$/i
/^4parru\.ru$/i
/^esk-t\.ru$/i
/^uralvep\.ru$/i
/^vrnout\.ru$/i
/^pmk6\.ru$/i
/^bklen\.ru$/i
/^grovold\.ru$/i
/^chat\.ru$/i
/^diplomtyt\.ru$/i
/^finart-it\.ru$/i
/^werot\.ru$/i
/^rukuk\.ru$/i
/^netuf\.ru$/i
/^villterra\.ru$/i
/^bakkon\.ru$/i
/^all-honey\.ru$/i
/^liceum-taldom\.ru$/i
/^tex-to\.ru$/i
/^colexo\.ru$/i
/^kolaf\.ru$/i
/^bit-telemark-info\.ru$/i
/^kot-info\.ru$/i
/^so-sport\.ru$/i
/^ya-i-ty\.ru$/i
/^satyk\.ru$/i
/^zadvs\.ru$/i
/^hardlanding\.ru$/i
/^hercopoyert\.ru$/i
/^xolya\.ru$/i
/^welleinc\.biz\.ua$/i
/^logos12\.ru$/i
/^flamincomod\.ru$/i
/^gerasimonteds\.ru$/i
/^ohnice\.com\.hk$/i
/^orgreestr\.ru$/i
/^cadworx\.ru$/i
/^msbud\.ru$/i
/^efespilsertyo\.ru$/i
/^violk\.ru$/i
/^tasertyosk\.ru$/i
/^nerac\.ru$/i
/^arufps\.ru$/i
/^bit-telemarketing-clients\.ru$/i
/^bittelemarketing\.ru$/i
/^lonil\.ru$/i
/^rebekasersert\.ru$/i
/^servspentraver\.ru$/i
/^logos11\.ru$/i
/^bolyt\.ru$/i
/^pertusfopert\.ru$/i
/^zmailc\.ru$/i
/^01pizza\.ru$/i
/^ictex\.ru$/i
/^.*\.your\.ru\.com$/i
/^hopsr\.ru$/i
/^briz23vl\.ru$/i
/^duwast\.ru$/i
/^vokanaen\.ru$/i
/^31sem-seminar\.ru$/i
/^webservise\.co\.ua$/i
/^hiltonese\.co\.ua$/i
/^seminar14sem\.ru$/i
/^boombeach\.co\.ua$/i
/^27sem-rass\.ru$/i
/^clicknet\.ro$/i
/^domure\.ru$/i
/^zisor\.ru$/i
/^gomana\.ru$/i
/^6sem-rass\.ru$/i
/^dominant\.co\.ua$/i
/^mergelik\.co\.ua$/i
/^holigaze\.co\.ua$/i
/^frederice\.co\.ua$/i
/^27sem-sem\.ru$/i
/^infomace\.co\.ua$/i
/^intersteller\.co\.ua$/i
/^3mos-seminar\.ru$/i
/^fontenze\.co\.ua$/i
/^julinisa\.co\.ua$/i
/^30msk-sem\.ru$/i
/^seminar1inst\.ru$/i
/^29msk-edu\.ru$/i
/^5inst-seminar\.ru$/i
/^msknovat\.ru$/i
/^1ros-edu\.ru$/i
/^seminar6msk\.ru$/i
/^seminar34post\.ru$/i
/^6sem-edu\.ru$/i
/^35msk-seminar\.ru$/i
/^seminar10russ\.ru$/i
/^31ros-seminar\.ru$/i
/^14russ-edu\.ru$/i
/^31mos-sem\.ru$/i
/^39ros-glav\.ru$/i
/^42inst-prof\.ru$/i
/^instucheb\.ru$/i
/^6msk-sem\.ru$/i
/^5russ-rass\.ru$/i
/^unionprint\.co\.ua$/i
/^egerome\.biz\.ua$/i
/^adretionse\.co\.ua$/i
/^5russ-edu\.ru$/i
/^vlagla\.ru$/i
/^mosdispatch\.ru$/i
/^seminar6sem\.ru$/i
/^32ros-seminar\.ru$/i
/^6ros-edu\.ru$/i
/^35mos-rass\.ru$/i
/^ivnet\.ru$/i
/^5ros-seminar\.ru$/i
/^msk-study\.ru$/i
/^sb-service\.co\.ua$/i
/^baligifts\.com\.au$/i
/^admitdse\.co\.ua$/i
/^ros-qual\.ru$/i
/^zitvs\.ru$/i
/^b-pomosh\.ru$/i
/^nomev\.ru$/i
/^mesop\.ru$/i
/^vokaz\.ru$/i
/^jomangiya\.co\.ua$/i
/^3ros-seminar\.ru$/i
/^fitnessem\.co\.ua$/i
/^curean\.ru$/i
/^17russ-sem\.ru$/i
/^gisemer\.biz\.ua$/i
/^incerman\.co\.ua$/i
/^ledinters\.co\.ua$/i
/^gruotk\.ru$/i
/^32ros-rass\.ru$/i
/^semconfer\.ru$/i
/^35mos-sem\.ru$/i
/^21mos-edu\.ru$/i
/^17ros-sem\.ru$/i
/^mosnovat\.ru$/i
/^26mos-rass\.ru$/i
/^sem-hr\.ru$/i
/^caraek\.ru$/i
/^traininform\.ru$/i
/^seminar18msk\.ru$/i
/^20ros-rass\.ru$/i
/^holibery\.biz\.ua$/i
/^28msk-rass\.ru$/i
/^seminar10sem\.ru$/i
/^seminar6post\.ru$/i
/^17mos-edu\.ru$/i
/^bimdim\.ru$/i
/^freenets\.work$/i
/^5sem-rass\.ru$/i
/^32sem-edu\.ru$/i
/^21inst-seminar\.ru$/i
/^msk-qual\.ru$/i
/^inst-inf\.ru$/i
/^24sem-sem\.ru$/i
/^finderis\.co\.ua$/i
/^intemagse\.eu$/i
/^31russ-sem\.ru$/i
/^32sem-seminar\.ru$/i
/^seminar31mail\.ru$/i
/^8ros-edu\.ru$/i
/^21russ-edu\.ru$/i
/^seminar24mail\.ru$/i
/^6inst-edu\.ru$/i
/^10mos-rass\.ru$/i
/^20ros-seminar\.ru$/i
/^13russ-seminar\.ru$/i
/^econinform\.ru$/i
/^rosobuch\.ru$/i
/^msk-buhg\.ru$/i
/^tintronys\.co\.ua$/i
/^18inst-sem\.ru$/i
/^mos-educate\.ru$/i
/^6inst-rass\.ru$/i
/^5inst-sem\.ru$/i
/^seminar3msk\.ru$/i
/^38sem-gov\.ru$/i
/^17russ-seminar\.ru$/i
/^39russ-prof\.ru$/i
/^pronewsmail\.ru$/i
/^seminar11post\.ru$/i
/^ros-workshop\.ru$/i
/^16ros-rass\.ru$/i
/^inst-social\.ru$/i
/^seminarinform\.ru$/i
/^seminar18sem\.ru$/i
/^russproff\.ru$/i
/^ros-buhg\.ru$/i
/^10sem-seminar\.ru$/i
/^seminar10inst\.ru$/i
/^russnovat\.ru$/i
/^25mos-sem\.ru$/i
/^inst-buhg\.ru$/i
/^sem-inf\.ru$/i
/^uremana\.ru$/i
/^6mos-seminar\.ru$/i
/^seminar8msk\.ru$/i
/^14ros-sem\.ru$/i
/^seminar3mail\.ru$/i
/^instorgsem\.ru$/i
/^17sem-edu\.ru$/i
/^seminar21msk\.ru$/i
/^genuro\.ru$/i
/^38ros-now\.ru$/i
/^roslect\.ru$/i
/^42russ-gov\.ru$/i
/^17ros-seminar\.ru$/i
/^seminar12russ\.ru$/i
/^12mos-sem\.ru$/i
/^12inst-seminar\.ru$/i
/^11ros-edu\.ru$/i
/^seminar11mail\.ru$/i
/^11msk-edu\.ru$/i
/^1sem-rass\.ru$/i
/^1sem-edu\.ru$/i
/^msk-inf\.ru$/i
/^sem-qual\.ru$/i
/^russucheb\.ru$/i
/^5mos-edu\.ru$/i
/^mosorgsem\.ru$/i
/^23russ-rass\.ru$/i
/^21mos-rass\.ru$/i
/^20sem-seminar\.ru$/i
/^moslect\.ru$/i
/^28sem-edu\.ru$/i
/^1msk-seminar\.ru$/i
/^sem-ipk\.ru$/i
/^msk-know\.ru$/i
/^14mos-sem\.ru$/i
/^17sem-seminar\.ru$/i
/^34russ-rass\.ru$/i
/^10sem-edu\.ru$/i
/^24mos-edu\.ru$/i
/^10msk-sem\.ru$/i
/^seminar14russ\.ru$/i
/^21mos-seminar\.ru$/i
/^seminar21sem\.ru$/i
/^seminform\.ru$/i
/^24russ-rass\.ru$/i
/^31ros-rass\.ru$/i
/^39inst-gov\.ru$/i
/^31sem-edu\.ru$/i
/^17russ-rass\.ru$/i
/^36mos-seminar\.ru$/i
/^6inst-sem\.ru$/i
/^geringsa\.ru$/i
/^spogkol\.ru$/i
/^jokiolo\.co\.ua$/i
/^beebom\.ru$/i
/^lakeum\.ru$/i
/^metusim\.ru$/i
/^12ros-rass\.ru$/i
/^ros-ieuso\.ru$/i
/^mosobuch\.ru$/i
/^eximenio\.co\.ua$/i
/^kutosim\.ru$/i
/^vaekem\.ru$/i
/^5sem-sem\.ru$/i
/^21ros-sem\.ru$/i
/^ranbom\.ru$/i
/^32sem-sem\.ru$/i
/^futner\.ru$/i
/^10ros-edu\.ru$/i
/^mos-know\.ru$/i
/^35ros-edu\.ru$/i
/^17sem-rass\.ru$/i
/^17inst-seminar\.ru$/i
/^37mos-sem\.ru$/i
/^infoboxe\.tech$/i
/^seminar3post\.ru$/i
/^kiolope\.co\.ua$/i
/^intemilogi\.ru$/i
/^beteming\.ru$/i
/^zefair\.ru$/i
/^forbes\.co\.ua$/i
/^infostorem\.ru$/i
/^nedemsa\.co\.ua$/i
/^seminar18mail\.ru$/i
/^elecygeb\.ru$/i
/^gokoza\.ru$/i
/^intensives\.co\.ua$/i
/^20inst-seminar\.ru$/i
/^3inst-edu\.ru$/i
/^22sem-sem\.ru$/i
/^comure\.ru$/i
/^5inst-rass\.ru$/i
/^freemagazin\.co\.ua$/i
/^esumare\.ru$/i
/^lifttruck\.co\.ua$/i
/^isteras\.co\.ua$/i
/^opari\.ru$/i
/^infinitys\.co\.ua$/i
/^rarmelatio\.co\.ua$/i
/^balets\.ru$/i
/^zoner\.com$/i
/^101biz\.ru$/i
/^03himki\.ru$/i
/^hsnt\.ru$/i
/^orangemail\.co\.bw$/i
/^commenta\.ru$/i
/^prodaji\.kiev\.ua$/i
/^infolift5\.ru$/i
/^yabykoff-plast\.ru$/i
/^4syte\.ru$/i
/^nalytica\.ru$/i
/^1handmade\.ru$/i
/^snabjai\.ru$/i
/^vlstars05\.ru$/i
/^inqazio\.biz\.ua$/i
/^ultrafile\.ru$/i
/^extrimen\.co\.ua$/i
/^womanless\.ru$/i
/^fainem\.ru$/i
/^mailvd\.ru$/i
/^mailuncensoredchina\.co$/i
/^bband\.ru$/i
/^rotyk\.ru$/i
/^z-sale\.ru$/i
/^skyink\.ru$/i
/^lden8\.ru$/i
/^burliki\.ru$/i
/^nolok\.ru$/i
/^bit-telemarketing-info\.ru$/i
/^gruzimvsevl\.ru$/i
/^firmmail\.ru$/i
/^bittelemark\.ru$/i
/^stl-ltd\.ru$/i
/^fbs-ba\.ru$/i
/^rotyn\.ru$/i
/^zodat\.ru$/i
/^nalogmo\.ru$/i
/^sendsmailsbiz\.ru$/i
/^dsongs\.ru$/i
/^sitycat\.ru$/i
/^home-blog\.ru$/i
/^ontor\.ru$/i
/^golir\.ru$/i
/^bortopel\.ru$/i
/^telkom-s\.ru$/i
/^expocrimea\.com$/i
/^avodom\.ru$/i
/^wap\.click$/i
/^businessmails\.ru$/i
/^100pyk\.ru$/i
/^sv-exit\.ru$/i
/^1-ivanov\.ru$/i
/^100extreme\.ru$/i
/^atlive\.ru$/i
/^4movie\.ru$/i
/^ars-club\.ru$/i
/^prad888\.ru$/i
/^13rusianmodelsgroup\.ru$/i
/^prima-v\.ru$/i
/^marbil\.ru$/i
/^elitcs\.ru$/i
/^19rusianmodelsgroup\.ru$/i
/^otto-ozu\.ru$/i
/^putiton\.ru$/i
/^best-prooduct\.ru$/i
/^elista\.ru$/i
/^f-day\.ru$/i
/^netal\.ru$/i
/^tasa\.ru$/i
/^lonuk\.ru$/i
/^kanem\.ru$/i
/^ais-t\.ru$/i
/^corgift\.ru$/i
/^blum-ltd\.ru$/i
/^wgs84\.ru$/i
/^i-spot\.ru$/i
/^p0m\.ru$/i
/^kotol\.ru$/i
/^20rusianmodelsgroup\.ru$/i
/^aflex\.ru$/i
/^sibrim\.ru$/i
/^agolives\.ru$/i
/^miser-ltd\.ru$/i
/^99house\.ru$/i
/^remdi\.ru$/i
/^education-media\.ru$/i
/^marketing-on-line7441\.ru$/i
/^24sem-rass\.ru$/i
/^gazgostrim\.ru$/i
/^olympikgame\.ru$/i
/^momyn\.ru$/i
/^ufa-advert\.ru$/i
/^gofitness\.ru$/i
/^ostertag\.ru$/i
/^tomyn\.ru$/i
/^sanaclis\.ru$/i
/^wanot\.ru$/i
/^union-t\.ru$/i
/^artimage-don\.ru$/i
/^forum-media\.spb\.ru$/i
/^sulen\.ru$/i
/^dawan\.ru$/i
/^unis-td\.ru$/i
/^dowen\.ru$/i
/^vmi-lom\.ru$/i
/^polyus\.com$/i
/^tops-sale\.ru$/i
/^ragot\.ru$/i
/^synon\.ru$/i
/^termosvet\.ru$/i
/^dwebhost\.ru$/i
/^s-podarki\.ru$/i
/^dana-nsk\.ru$/i
/^datom\.ru$/i
/^mtage\.ru$/i
/^ex-trading\.ru$/i
/^d-c-g\.ru$/i
/^wobuk\.ru$/i
/^nova-t\.ru$/i
/^kafeizba\.ru$/i
/^nolyb\.ru$/i
/^logos10\.ru$/i
/^bethebesthere\.ru$/i
/^elis-luga\.ru$/i
/^it-otdel\.net$/i
/^dublass\.ru$/i
/^drachenfest\.info$/i
/^lux-bounty\.ru$/i
/^kotlib\.ru$/i
/^spsibo\.ru$/i
/^yuhuads\.com$/i
/^kvn-agro\.ru$/i
/^matbo\.ru$/i
/^rikkimountin\.ru$/i
/^rodtext\.ru$/i
/^tontor\.ru$/i
/^moskva-svetodiod\.ru$/i
/^tarop\.ru$/i
/^mailnetwork\.ru$/i
/^pladform\.ru$/i
/^videobaker\.ru$/i
/^magiavcusa\.com$/i
/^satori-spb\.ru$/i
/^twoomail\.com$/i
/^compiter\.ru$/i
/^crm-onebox\.ru$/i
/^blowsib\.ru$/i
/^norlok\.ru$/i
/^appsru\.tech$/i
/^tykan\.ru$/i
/^te-us\.ru$/i
/^sigrupp\.ru$/i
/^ppcons\.ru$/i
/^prado-rt\.ru$/i
/^ek161\.ru$/i
/^aksayds\.ru$/i
/^solhudman\.ru$/i
/^umaax\.ru$/i
/^financial-deals\.com$/i
/^zooalex\.ru$/i
/^it-delta\.ru$/i
/^gps4you\.ru$/i
/^sokyt\.ru$/i
/^delfin1\.ru$/i
/^tonfi\.ru$/i
/^broak\.ru$/i
/^direct-as\.ru$/i
/^censor\.net\.ua$/i
/^nirut\.ru$/i
/^komedyclub\.ru$/i
/^capital-ekb\.ru$/i
/^palchalezgi\.ru$/i
/^fagor-mini\.ru$/i
/^fattorino\.ru$/i
/^romty\.ru$/i
/^partner2x2\.ru$/i
/^dressrite\.biz$/i
/^.*\.foto59\.ru$/i
/^rus-xxx\.ru$/i
/^mutbo\.ru$/i
/^zormo\.ru$/i
/^tasot\.ru$/i
/^txinvest\.ru$/i
/^mediasto\.ru$/i
/^102\.email$/i
/^edelweis-bt\.ru$/i
/^maestro-pro\.ru$/i
/^dsacreative\.com$/i
/^golemint\.eu$/i
/^albastar\.ru$/i
/^woldv\.org$/i
/^akyzo\.ru$/i
/^8-space-x-media\.ru$/i
/^7-space-x-media\.ru$/i
/^2-space-x-media\.ru$/i
/^1-space-x-media\.ru$/i
/^asket-don\.ru$/i
/^100pix\.ru$/i
/^culle\.ru$/i
/^mutbi\.ru$/i
/^ayaxi\.ru$/i
/^quanzinei\.com$/i
/^qtsxh\.com$/i
/^uzden\.ru$/i
/^tourdn\.ru$/i
/^ast-sistem\.ru$/i
/^fotokopi\.ru$/i
/^antifraud\.ga$/i
/^tychi\.ru$/i
/^007mebel\.ru$/i
/^batbol\.ru$/i
/^pryto\.ru$/i
/^give-gift\.ru$/i
/^rotom\.ru$/i
/^03centr\.ru$/i
/^luxxgoods\.ru$/i
/^printsticker\.ru$/i
/^gratsio-mama\.ru$/i
/^mbastrategy\.net$/i
/^cd-center\.com$/i
/^lhlab\.ru$/i
/^worag\.ru$/i
/^kynto\.ru$/i
/^jason-natural\.ru$/i
/^npocable\.ru$/i
/^professional-media\.ru$/i
/^traningone\.ru$/i
/^009msk\.ru$/i
/^100euro\.ru$/i
/^rymos\.ru$/i
/^discrypt\.ru$/i
/^mytro\.ru$/i
/^lpinfo\.ru$/i
/^consulting-vela\.info$/i
/^zatrak\.ru$/i
/^gazon72\.ru$/i
/^arosw\.ru$/i
/^super-selfie\.pl$/i
/^infomediason\.com$/i
/^bilabonges\.eu$/i
/^notiw\.ru$/i
/^mideringes\.eu$/i
/^mmtours\.ru$/i
/^keneksy\.ru$/i
/^fenecair\.ru$/i
/^orchidsale\.ru$/i
/^ra-mart\.ru$/i
/^azimutpro\.ru$/i
/^isg-advisory\.com$/i
/^litobraz\.ru$/i
/^tiu\.ru$/i
/^memaile\.ru$/i
/^nokyt\.ru$/i
/^like-news\.moscow$/i
/^napoleonit\.com$/i
/^mcbaz\.ru$/i
/^mmaweb\.ru$/i
/^creatorsdirect\.ru$/i
/^news40\.ru$/i
/^smm-ltd\.ru$/i
/^ecc-inok\.ru$/i
/^da-lite\.ru$/i
/^lesaltai\.ru$/i
/^teko-pskov\.ru$/i
/^kargolink\.ru$/i
/^sks26\.ru$/i
/^market-ur\.ru$/i
/^warfilm\.ru$/i
/^sodro\.ru$/i
/^raskat-servis\.ru$/i
/^kama-pv\.ru$/i
/^parbol\.ru$/i
/^wapmag\.ru$/i
/^easgz\.ru$/i
/^ratba\.ru$/i
/^tono-int\.ru$/i
/^gofko\.ru$/i
/^wokre\.ru$/i
/^infosysmarket\.ru$/i
/^flat-ice\.ru$/i
/^.*\.bczfw\.net$/i
/^zeminationes\.ru$/i
/^btforum\.ru$/i
/^belleza-new\.ru$/i
/^total-audit\.com$/i
/^informeste\.ru$/i
/^mp3mw\.ru$/i
/^stl\.ru$/i
/^.*\.mailchimpapp\.com$/i
/^karmello\.pl$/i
/^pb\.ru$/i
/^interlatestsocialbookmarking\.biz$/i
/^delete-negative\.ru$/i
/^sphera\.pro$/i
/^mofat\.ru$/i
/^offshoreview\.eu$/i
/^kotiw\.ru$/i
/^samsales\.ru$/i
/^tattat\.ru$/i
/^gummail\.ru$/i
/^logos8\.ru$/i
/^wetok\.ru$/i
/^innovacion-2016\.ru$/i
/^airmaxe\.eu$/i
/^logos7\.ru$/i
/^vakpk\.ru$/i
/^alpaper\.ru$/i
/^pareto-print\.ru$/i
/^moldavcable\.ru$/i
/^altera-sib\.ru$/i
/^teensexypics\.net$/i
/^instras\.ru$/i
/^seminar54\.ru$/i
/^nolto\.ru$/i
/^hooperise\.eu$/i
/^daikinia\.eu$/i
/^coolmasters\.eu$/i
/^uafi-t\.ru$/i
/^visitbf\.com\.ua$/i
/^kyzok\.ru$/i
/^39msk-gov\.ru$/i
/^machinebook\.ru$/i
/^pr-2-post\.ru$/i
/^szflier\.com$/i
/^filamest\.eu$/i
/^avtobuspaz\.ru$/i
/^17msk-rass\.ru$/i
/^airpoole\.ru$/i
/^lmstafesd\.ru$/i
/^semorgsem\.ru$/i
/^39sem-prof\.ru$/i
/^17russ-edu\.ru$/i
/^24msk-sem\.ru$/i
/^ngs\.ru$/i
/^souzmoloko\.ru$/i
/^roc72\.ru$/i
/^varial\.ru$/i
/^ostankinomedia\.ru$/i
/^novo-post\.ru$/i
/^kom32\.xyz$/i
/^gtp-ufa\.ru$/i
/^perfeoo\.ru$/i
/^rirok\.ru$/i
/^ec-r\.ru$/i
/^free-programs\.info$/i
/^szaa\.ru$/i
/^informazion\.eu$/i
/^hadre\.ru$/i
/^kogorta-k\.ru$/i
/^threeality\.ru$/i
/^mawisoft\.com$/i
/^yellteam\.ru$/i
/^arti-cool\.ru$/i
/^ra-rakurs\.ru$/i
/^embarione\.ru$/i
/^foto-profi\.ru$/i
/^zewak\.ru$/i
/^tewax\.ru$/i
/^gendalf\.ru$/i
/^24ros-rass\.ru$/i
/^42sem-pr\.ru$/i
/^erablago\.ru$/i
/^gk-es\.org$/i
/^jemail\.gdn$/i
/^roloc\.ru$/i
/^17inst-rass\.ru$/i
/^21ros-edu\.ru$/i
/^levelupseminar\.ru$/i
/^goward\.ru$/i
/^terxo\.ru$/i
/^royaltravel-australia\.ru$/i
/^ywesa\.ru$/i
/^zanot\.ru$/i
/^geombc\.ru$/i
/^kbaer\.ru$/i
/^ketsa\.ru$/i
/^avtotera\.ru$/i
/^kbidea\.ru$/i
/^foodrussia\.net$/i
/^burjauto\.com$/i
/^aeterna\.ru$/i
/^mfabrica\.ru$/i
/^rypeta\.ru$/i
/^viac3\.ru$/i
/^rcscargo\.eu$/i
/^eterna\.law$/i
/^epam\.ru$/i
/^pampersklub\.ru$/i
/^partnerregion\.ru$/i
/^39mos-pr\.ru$/i
/^semlect\.ru$/i
/^adconsult\.ru$/i
/^comunica\.ru$/i
/^jclan\.ru$/i
/^126\.com$/i
/^footingers\.ru$/i
/^24inst-seminar\.ru$/i
/^admiralmarkets\.pl$/i
/^voda59\.ru$/i
/^kartoteka\.ru$/i
/^gold-perm\.ru$/i
/^artel-site\.ru$/i
/^comcast\.net$/i
/^seobacklinkhome\.com$/i
/^32russ-edu\.ru$/i
/^homemail\.com$/i
/^lasdf\.ru$/i
/^vapnyar\.ru$/i
/^libero\.it$/i
/^behat\.ru$/i
/^tutet\.ru$/i
/^mpeg-imx\.ru$/i
/^.*\.clientbase\.ru$/i
/^goldintent\.com$/i
/^lookingers\.eu$/i
/^cooperhant\.ru$/i
/^intermagic\.eu$/i
/^airpotes\.ru$/i
/^bk163\.ru$/i
/^nordmor\.ru$/i
/^naqet\.ru$/i
/^bookigemse\.ru$/i
/^tiuden\.com$/i
/^iokab\.ru$/i
/^agcher\.ru$/i
/^02info\.ru$/i
/^whdent\.ru$/i
/^logos5\.ru$/i
/^terapu\.ru$/i
/^seminar24inst\.ru$/i
/^42inst-gov\.ru$/i
/^sumkishopz\.ru$/i
/^bwqkp\.com$/i
/^hitrl\.ru$/i
/^uralgsm\.ru$/i
/^rommats\.ru$/i
/^port2\.ru$/i
/^mailserver\.com$/i
/^subriror\.ru$/i
/^kolleginews\.ru$/i
/^24mos-rass\.ru$/i
/^.*\.kari\.com$/i
/^vbiznesa\.ru$/i
/^reklamaroomidea\.ru$/i
/^bk63\.ru$/i
/^readbymail\.com$/i
/^xapeb\.ru$/i
/^seminar14post\.ru$/i
/^kinako\.org$/i
/^.*\.pierrericaud\.com$/i
/^maot16\.ru$/i
/^.*\.kuponator\.ru$/i
/^24inst-rass\.ru$/i
/^floridelux\.ro$/i
/^bfsamara\.ru$/i
/^rma-d\.ru$/i
/^nternetweb\.es$/i
/^headway\.top$/i
/^14sem-rass\.ru$/i
/^vasharabota72\.ru$/i
/^ekspertyurist\.ru$/i
/^.*\.trade\.su$/i
/^contract-center\.ru$/i
/^ka7-tour\.ru$/i
/^depervil\.ru$/i
/^pex63\.ru$/i
/^ischiaeventi\.it$/i
/^mersednu\.ru$/i
/^photobudka-vip\.ru$/i
/^shop4divers\.eu$/i
/^moscow-puzzle\.ru$/i
/^whilsacom\.co\.ua$/i
/^minderse\.eu$/i
/^sem-znan\.ru$/i
/^taxi-five\.ru$/i
/^inst-znan\.ru$/i
/^sm-1\.ru$/i
/^xmipb\.ru$/i
/^omolpers\.ru$/i
/^r-vl\.ru$/i
/^t-online\.de$/i
/^kelaibiqq\.com$/i
/^shengdayidai\.com$/i
/^sarvtb\.ru$/i
/^proteus-spb\.ru$/i
/^logos3\.ru$/i
/^coldp\.ru$/i
/^.*\.mcdir\.ru$/i
/^wesav\.ru$/i
/^wikyt\.ru$/i
/^avant-1\.ru$/i
/^ghtersale\.ru$/i
/^ronsvells\.ru$/i
/^kerberwer\.ru$/i
/^elitenn\.ru$/i
/^securityprint\.ru$/i
/^excluzivem\.eu$/i
/^42ros-now\.ru$/i
/^39sem-gov\.ru$/i
/^42msk-pr\.ru$/i
/^32russ-seminar\.ru$/i
/^14ros-seminar\.ru$/i
/^bigpond\.com$/i
/^3sem-edu\.ru$/i
/^3mos-sem\.ru$/i
/^consultant\.com$/i
/^busnx\.ru$/i
/^wriky\.ru$/i
/^sab-moskau\.ru$/i
/^iodin\.ru$/i
/^39mos-glav\.ru$/i
/^.*\.vsalate\.info$/i
/^lambdafsu\.ru$/i
/^onken\.ru$/i
/^biomedex\.ru$/i
/^kaminfo\.ru$/i
/^dotya\.ru$/i
/^goodwin-lang\.ru$/i
/^21mos-sem\.ru$/i
/^awreg\.ru$/i
/^.*\.myihor\.ru$/i
/^merna\.ru$/i
/^powerstripss\.ru$/i
/^indexbox\.ru$/i
/^eureka-service\.ru$/i
/^intra-m\.ru$/i
/^tilad\.ru$/i
/^seminar17post\.ru$/i
/^vaseq\.ru$/i
/^skatl\.ru$/i
/^radiobaltica\.ru$/i
/^fabricsolutions\.ru$/i
/^dtender\.co\.ua$/i
/^qapeterlertv\.ru$/i
/^kaske\.ru$/i
/^42mos-now\.ru$/i
/^misslo\.com$/i
/^17inst-sem\.ru$/i
/^42inst-now\.ru$/i
/^savwe\.ru$/i
/^14inst-sem\.ru$/i
/^31inst-edu\.ru$/i
/^17mos-sem\.ru$/i
/^baseq\.ru$/i
/^seminar17inst\.ru$/i
/^31ros-sem\.ru$/i
/^17sem-sem\.ru$/i
/^3msk-edu\.ru$/i
/^32inst-edu\.ru$/i
/^42russ-pr\.ru$/i
/^sinex-real\.ru$/i
/^waterday\.ru$/i
/^network-asp\.ru$/i
/^iira\.ru$/i
/^32msk-edu\.ru$/i
/^kurs-money\.ru$/i
/^lodib\.ru$/i
/^kodeks\.msk\.ru$/i
/^brewhouse\.pro$/i
/^foplim\.ru$/i
/^karaaltyn\.ru$/i
/^hebraica\.eu$/i
/^cameraforme\.ru$/i
/^lagorta\.ru$/i
/^zitab\.ru$/i
/^cuperstor\.ru$/i
/^mixclick\.ru$/i
/^fetrok\.ru$/i
/^seminar24sem\.ru$/i
/^14msk-sem\.ru$/i
/^14russ-rass\.ru$/i
/^mos-ieuso\.ru$/i
/^39msk-glav\.ru$/i
/^31sem-rass\.ru$/i
/^21inst-sem\.ru$/i
/^zitos\.ru$/i
/^dapis\.ru$/i
/^private-investors\.ru$/i
/^zet-ceramics\.ru$/i
/^teraq\.ru$/i
/^gertnergroup\.ru$/i
/^cristallgrad\.ru$/i
/^sirius-87\.ru$/i
/^sem-workshop\.ru$/i
/^ortko\.ru$/i
/^smtp\.ru$/i
/^krofss\.ru$/i
/^31ros-edu\.ru$/i
/^31russ-seminar\.ru$/i
/^iskrateling\.ru$/i
/^skb-vityaz\.ru$/i
/^delegate-show\.ru$/i
/^39russ-pr\.ru$/i
/^24ros-seminar\.ru$/i
/^32russ-sem\.ru$/i
/^31inst-sem\.ru$/i
/^writo\.ru$/i
/^uran\.online$/i
/^assa-design\.ru$/i
/^develompi\.ru$/i
/^nordinkraft\.ru$/i
/^mtvigroup\.ru$/i
/^seminar24russ\.ru$/i
/^17msk-sem\.ru$/i
/^39sem-pr\.ru$/i
/^gueux-forum\.net$/i
/^dumahmao\.ru$/i
/^bookingers\.ru$/i
/^winterse\.ru$/i
/^coolinige\.ru$/i
/^nopolensok\.ru$/i
/^instaltek\.ru$/i
/^operastresdf\.ru$/i
/^siae\.ru$/i
/^artut\.ru$/i
/^mebel-v\.ru$/i
/^42ros-prof\.ru$/i
/^delst\.ru$/i
/^myvfw\.org$/i
/^kbr\.be$/i
/^netdepo\.hu$/i
/^ntbinfo\.no$/i
/^vaton\.ru$/i
/^41sem-gov\.ru$/i
/^.*\.detectim\.com$/i
/^bodad\.ru$/i
/^logos2\.ru$/i
/^seminar14mail\.ru$/i
/^tlen\.pl$/i
/^kichinout\.ru$/i
/^ros-ipk\.ru$/i
/^casde\.ru$/i
/^n-cloth\.com$/i
/^.*\.anywayanyday\.com$/i
/^mbastrategy\.ua$/i
/^sporykhin\.ru$/i
/^myadvantages\.ru$/i
/^training-institute\.ru$/i
/^php-art\.ru$/i
/^24ros-sem\.ru$/i
/^39ros-prof\.ru$/i
/^instlect\.ru$/i
/^land\.ru$/i
/^mail-forum-media\.ru$/i
/^forum-seminar\.ru$/i
/^ziza\.ru$/i
/^3russ-sem\.ru$/i
/^17ros-edu\.ru$/i
/^nolid\.ru$/i
/^seminar24post\.ru$/i
/^41msk-prof\.ru$/i
/^seminar31post\.ru$/i
/^5ballov\.ru$/i
/^5mos-sem\.ru$/i
/^31msk-sem\.ru$/i
/^24russ-edu\.ru$/i
/^41ros-gov\.ru$/i
/^famvin\.org$/i
/^arthelpman\.ru$/i
/^31msk-rass\.ru$/i
/^jollyroom\.no$/i
/^projekt-kluby\.pl$/i
/^aflexdirect\.ru$/i
/^olympus-team\.ru$/i
/^wurit\.ru$/i
/^westpm\.ru$/i
/^sk-rostov\.ru$/i
/^polexpack\.ru$/i
/^asefd\.ru$/i
/^akidm\.ru$/i
/^carveryachts\.ru$/i
/^fpco\.ru$/i
/^avtobogatir\.ru$/i
/^fopwers\.ru$/i
/^butovo-net\.ru$/i
/^best-ru\.ru$/i
/^mascn\.ru$/i
/^clubhotelloutraki\.gr$/i
/^instconfer\.ru$/i
/^seminar31russ\.ru$/i
/^expo-send\.ru$/i
/^32inst-sem\.ru$/i
/^14msk-seminar\.ru$/i
/^5mos-seminar\.ru$/i
/^novoplant\.ru$/i
/^e-dvd\.ru$/i
/^funkers\.net$/i
/^orange-cargo\.ru$/i
/^o-centre\.ru$/i
/^lk-prom\.ru$/i
/^rosaski\.com$/i
/^vet-v\.lv$/i
/^mind\.com$/i
/^gamexp\.ru$/i
/^eriks\.nl$/i
/^channelworld\.cz$/i
/^rtaes\.ru$/i
/^scana\.com\.ua$/i
/^darkhack\.ru$/i
/^seminar21russ\.ru$/i
/^3inst-seminar\.ru$/i
/^seminar32mail\.ru$/i
/^seminar32sem\.ru$/i
/^wexertellersfd\.ru$/i
/^novogodnie-podarki\.ru$/i
/^42msk-now\.ru$/i
/^dqxx\.biz$/i
/^cablesshop\.ru$/i
/^r-c-g\.ru$/i
/^xapey\.ru$/i
/^14mos-seminar\.ru$/i
/^42sem-now\.ru$/i
/^promostron\.ru$/i
/^koplu\.ru$/i
/^21ros-rass\.ru$/i
/^17mos-rass\.ru$/i
/^tovar\.ru$/i
/^staffhunt\.ru$/i
/^automationdirect\.com$/i
/^telecom\.ge$/i
/^east\.ru$/i
/^motud\.ru$/i
/^ortut\.ru$/i
/^maycom\.net\.ua$/i
/^tukuk\.ru$/i
/^wroit\.ru$/i
/^mrage\.ru$/i
/^kytot\.ru$/i
/^32ros-sem\.ru$/i
/^bico\.su$/i
/^14msk-rass\.ru$/i
/^teletoria\.ru$/i
/^1russ-rass\.ru$/i
/^trage\.ru$/i
/^42ros-gov\.ru$/i
/^31mos-seminar\.ru$/i
/^ykrot\.ru$/i
/^uncensoredchinamail\.biz$/i
/^fordlimo\.ru$/i
/^dertydvsa\.ru$/i
/^14msk-edu\.ru$/i
/^clswertus\.ru$/i
/^seti-net\.net$/i
/^trtk\.ru$/i
/^kinduncensoredchina\.info$/i
/^14russ-seminar\.ru$/i
/^kras\.ru$/i
/^elko\.by$/i
/^kytto\.ru$/i
/^seminar5mail\.ru$/i
/^mos-znan\.ru$/i
/^zitas\.ru$/i
/^32msk-rass\.ru$/i
/^moviestarplanet\.fi$/i
/^marre\.cz$/i
/^seminar17sem\.ru$/i
/^azhoortour\.ru$/i
/^31sem-sem\.ru$/i
/^.*\.kingcoupon\.ru$/i
/^24msk-seminar\.ru$/i
/^21inst-rass\.ru$/i
/^.*\.vsemayki\.ru$/i
/^tosmo\.ru$/i
/^32msk-seminar\.ru$/i
/^17ros-rass\.ru$/i
/^germaseriosd\.ru$/i
/^wroik\.ru$/i
/^pocketbookint\.ru$/i
/^bshfjcxsf\.ru$/i
/^21russ-seminar\.ru$/i
/^32mos-edu\.ru$/i
/^39inst-now\.ru$/i
/^rpc31\.ru$/i
/^notyn\.ru$/i
/^yfron\.ru$/i
/^1mos-rass\.ru$/i
/^smartemailmarketing\.info$/i
/^varnertop\.ru$/i
/^24russ-sem\.ru$/i
/^39russ-now\.ru$/i
/^writa\.ru$/i
/^retail\.com\.ua$/i
/^14sem-seminar\.ru$/i
/^14inst-edu\.ru$/i
/^1inst-seminar\.ru$/i
/^motab\.ru$/i
/^smtserver71\.ru$/i
/^zutas\.ru$/i
/^39inst-prof\.ru$/i
/^39inst-pr\.ru$/i
/^marketion\.ru$/i
/^mirmp3\.ru$/i
/^acrit\.ru$/i
/^csobmxhsf\.ru$/i
/^dertyssfgxc\.ru$/i
/^ktale\.ru$/i
/^freepeople\.moscow$/i
/^21ros-seminar\.ru$/i
/^vavos\.ru$/i
/^5mos-rass\.ru$/i
/^3russ-edu\.ru$/i
/^skupkasofta\.ru$/i
/^sistaniha\.info$/i
/^1ros-rass\.ru$/i
/^seminar5sem\.ru$/i
/^seminar32post\.ru$/i
/^31russ-edu\.ru$/i
/^3inst-rass\.ru$/i
/^seminar32msk\.ru$/i
/^esend\.su$/i
/^hemtex\.fi$/i
/^ticketmaster\.ie$/i
/^remik\.ru$/i
/^robuk\.ru$/i
/^nybuk\.ru$/i
/^besserbewerben\.de$/i
/^conf-send\.ru$/i
/^bodav\.ru$/i
/^mtale\.ru$/i
/^39russ-glav\.ru$/i
/^39russ-gov\.ru$/i
/^zodaf\.ru$/i
/^seminar31inst\.ru$/i
/^5russ-sem\.ru$/i
/^nkodeks\.ru$/i
/^alblasserdam\.nl$/i
/^xtn\.net$/i
/^pro-personal\.ru$/i
/^elettrotecnicamarini\.it$/i
/^restaragency\.com$/i
/^equiptrade24\.ru$/i
/^tawan\.ru$/i
/^torag\.ru$/i
/^32mos-sem\.ru$/i
/^qstek\.ru$/i
/^pich\.cz$/i
/^mail-tallanto\.com$/i
/^qstuk\.ru$/i
/^forag\.ru$/i
/^kforum\.su$/i
/^14ros-rass\.ru$/i
/^seminar5russ\.ru$/i
/^seminar5inst\.ru$/i
/^partner72\.ru$/i
/^conrad\.ru$/i
/^32inst-rass\.ru$/i
/^hybuk\.ru$/i
/^1kadry\.ru$/i
/^synergy-audit\.ru$/i
/^seminar32inst\.ru$/i
/^napoleonit\.ru$/i
/^39sem-glav\.ru$/i
/^energykemerovo\.ru$/i
/^bybuk\.ru$/i
/^tybuk\.ru$/i
/^softlinedirect\.ru$/i
/^yfrot\.ru$/i
/^steelbuildings\.ru$/i
/^estak\.ru$/i
/^lohka\.ru$/i
/^grant-t\.ru$/i
/^wowzaim\.ru$/i
/^send-forum\.ru$/i
/^abnb\.ru$/i
/^mdcapital\.ru$/i
/^akrob\.ru$/i
/^akrot\.ru$/i
/^ivekosjflaos\.ru$/i
/^miytan\.ru$/i
/^mdieloro\.gob\.ec$/i
/^yconomysear\.ru$/i
/^rawan\.ru$/i
/^zatas\.ru$/i
/^dahot\.ru$/i
/^logo23\.ru$/i
/^deals\.biglion\.ru$/i
/^konro\.ru$/i
/^stk3000\.ru$/i
/^coopemse\.co\.ua$/i
/^aris-center\.ru$/i
/^9886020\.ru$/i
/^ratob\.ru$/i
/^sotro\.ru$/i
/^seluf\.ru$/i
/^fapis\.ru$/i
/^trylo\.ru$/i
/^kewok\.ru$/i
/^mytik\.ru$/i
/^capital-consulting\.ru$/i
/^ubunraxel\.ru$/i
/^yskan\.ru$/i
/^tiominserle\.ru$/i
/^zemonik\.co\.ua$/i
/^zitjs\.ru$/i
/^ws-cafe\.ru$/i
/^farcrysless\.ru$/i
/^xonclesloper\.ru$/i
/^vuvuzelaser\.ru$/i
/^walerkolos\.ru$/i
/^teltarxolcae\.ru$/i
/^smtpserver7\.ru$/i
/^spn1\.ru$/i
/^olegiosbes\.ru$/i
/^vabos\.ru$/i
/^zakonvoloser\.ru$/i
/^911express\.ru$/i
/^powersixbes\.ru$/i
/^qxeegether\.ru$/i
/^answertuscer\.ru$/i
/^unaubax\.ru$/i
/^bcswhmolexp\.ru$/i
/^foxssferios\.ru$/i
/^vertyxferty\.ru$/i
/^roxyfoxysert\.ru$/i
/^nikoliost\.biz\.ua$/i
/^gerardinos\.ru$/i
/^39mos-now\.ru$/i
/^salomonloras\.ru$/i
/^hamerdoom\.ru$/i
/^wmonervom\.ru$/i
/^rtvp\.ru$/i
/^newmediapro\.ru$/i
/^xfactorialser\.ru$/i
/^smolengarden\.ru$/i
/^jeelaylexios\.ru$/i
/^iansarapuns\.ru$/i
/^eroxybawer\.ru$/i
/^herbertazskds\.ru$/i
/^jesikerysx\.ru$/i
/^synot\.ru$/i
/^alexandr-novikov\.ru$/i
/^vector2000\.ru$/i
/^firma-regata\.ru$/i
/^bikshop39\.ru$/i
/^sunduk\.tv$/i
/^nrage\.ru$/i
/^monderbixer\.ru$/i
/^valleyservison\.ru$/i
/^ygasermover\.ru$/i
/^zamanverios\.ru$/i
/^copengagenes\.ru$/i
/^doremisioner\.ru$/i
/^kejshhxnvs\.ru$/i
/^lqzfjpolos\.ru$/i
/^keeprxolos\.ru$/i
/^lenortawer\.ru$/i
/^deti-cherry\.ru$/i
/^studprofineka\.ru$/i
/^nenoplannow\.ru$/i
/^ocomponsertp\.ru$/i
/^pokemonboxer\.ru$/i
/^kassa-vrn\.ru$/i
/^avtozapchasti32\.ru$/i
/^proficinema\.ru$/i
/^vcredit74\.ru$/i
/^academy-xxii-century\.ru$/i
/^therapy-pro\.ru$/i
/^qzasmolex\.ru$/i
/^mekok\.ru$/i
/^confaelshop\.ru$/i
/^podarkoff\.ru$/i
/^mebel-zakaji\.ru$/i
/^yjesionfarell\.ru$/i
/^zabyyakasjey\.ru$/i
/^adidannser\.ru$/i
/^berlosert\.ru$/i
/^colocalser\.ru$/i
/^ecolnomvertyx\.ru$/i
/^debersedertox\.ru$/i
/^dayspacer\.com$/i
/^sawon\.ru$/i
/^raloxvascemel\.ru$/i
/^mynot\.ru$/i
/^dobon\.ru$/i
/^zitag\.ru$/i
/^ptpp\.ru$/i
/^wofko\.ru$/i
/^godal\.ru$/i
/^nobyr\.ru$/i
/^webcambabes\.fr$/i
/^aldeia\.biz$/i
/^datapryl\.se$/i
/^bazile\.fr$/i
/^teplagarant\.ru$/i
/^tem\.fi$/i
/^htvision\.ru$/i
/^logo20\.ru$/i
/^ratok\.ru$/i
/^melof\.ru$/i
/^tatar-inform\.ru$/i
/^radio1\.news$/i
/^nawon\.ru$/i
/^bawon\.ru$/i
/^folaf\.ru$/i
/^geeksmagazine\.org$/i
/^bebuk\.ru$/i
/^wojcikshop\.ru$/i
/^toushop\.ru$/i
/^tumtipb\.ru$/i
/^stmiron\.co\.ua$/i
/^.*\.irr\.ru$/i
/^baltic-solutions\.com$/i
/^exelozine\.eu$/i
/^bshk\.ru$/i
/^sexboo\.ru$/i
/^neggad\.ru$/i
/^lexvov\.ru$/i
/^intermag\.biz\.ua$/i
/^freewares\.co\.ua$/i
/^gomelins\.co\.ua$/i
/^unise\.co\.ua$/i
/^doteka\.ru$/i
/^ufa-help\.ru$/i
/^chaulan\.ru$/i
/^fatema\.ru$/i
/^.*\.club-sale\.ru$/i
/^.*\.ochkov\.net$/i
/^subscribe\.ru$/i
/^pornhub\.com$/i
/^.*\.joybuy\.ru$/i
/^timepad\.ru$/i
/^usccb\.org$/i
/^techcrunch\.com$/i
/^lists\.ibiblio\.org$/i
/^cprogrammingtrends\.com$/i
/^ientrynetwork\.net$/i
/^rzhaka\.info$/i
/^seminar17russ\.ru$/i
/^interstelloz\.co\.ua$/i
/^alfabatt\.eu$/i
/^interboxe\.eu$/i
/^internetmag\.eu$/i
/^kolinges\.eu$/i
/^.*\.kupikupon\.ru$/i
/^fendirtoon\.co\.ua$/i
/^mideltown\.eu$/i
/^bizneroa\.co\.ua$/i
/^informark\.co\.ua$/i
/^holihik\.co\.ua$/i
/^geremans\.co\.ua$/i
/^mclarens\.co\.ua$/i
/^forbestio\.co\.ua$/i
/^infobose\.eu$/i
/^goddis\.co\.ua$/i
/^timareg\.co\.ua$/i
